Target: 64-bit little-endian aarch64-unknown-macos with esbmclibc
Parsing /Users/user/NVIDIA-OpenSMA/verification/harnesses/emc1812_harness.cpp
Parsing /Users/user/NVIDIA-OpenSMA/src/nv/i2c/emc1812.cpp
Converting
Generating GOTO Program
GOTO program creation time: 1.029s
GOTO program processing time: 0.008s
Starting Bounded Model Checking
Symex completed in: 0.014s (243 assignments)
Caching time: 0.001s (removed 1 assertions)
Slicing time: 0.000s (removed 214 assignments)
Generated 52 VCC(s), 15 remaining after simplification (28 assignments)
No solver specified; defaulting to bitwuzla
Encoding remaining VCC(s) using bit-vector/floating-point arithmetic
Encoding to solver time: 0.000s
Solving with solver Bitwuzla 0.8.2
Runtime decision procedure: 0.000s
BMC program time: 0.016s

VERIFICATION SUCCESSFUL
ESBMC version 8.2.0 64-bit aarch64 macos
