Target: 64-bit little-endian aarch64-unknown-macos with esbmclibc
Parsing /Users/user/OpenSMA/verification/harnesses/fixed_point_harness.cpp
Converting
Generating GOTO Program
GOTO program creation time: 0.906s
GOTO program processing time: 0.009s
Checking base case, k = 1
Starting Bounded Model Checking
Symex completed in: 0.012s (441 assignments)
Slicing time: 0.001s (removed 386 assignments)
Generated 29 VCC(s), 29 remaining after simplification (55 assignments)
No solver specified; defaulting to bitwuzla
Encoding remaining VCC(s) using bit-vector/floating-point arithmetic
Encoding to solver time: 0.002s
Solving with solver Bitwuzla 0.8.2
Runtime decision procedure: 0.615s
BMC program time: 0.630s
No bug has been found in the base case
Checking forward condition, k = 1
Starting Bounded Model Checking
Symex completed in: 0.013s (436 assignments)
Slicing time: 0.001s (removed 390 assignments)
Generated 24 VCC(s), 24 remaining after simplification (46 assignments)
No solver specified; defaulting to bitwuzla
Encoding remaining VCC(s) using bit-vector/floating-point arithmetic
Encoding to solver time: 0.002s
Solving with solver Bitwuzla 0.8.2
Runtime decision procedure: 0.798s
BMC program time: 0.814s

VERIFICATION SUCCESSFUL

Solution found by the forward condition; all states are reachable (k = 1)
ESBMC version 8.2.0 64-bit aarch64 macos
