Target: 64-bit little-endian aarch64-unknown-macos with esbmclibc
Parsing /Users/user/NVIDIA-OpenSMA/verification/harnesses/fru_utils_harness.cpp
Converting
Generating GOTO Program
GOTO program creation time: 0.491s
GOTO program processing time: 0.007s
Starting Bounded Model Checking
Unwinding loop 26 iteration 1   file /Users/user/NVIDIA-OpenSMA/verification/harnesses/fru_utils_harness.cpp line 42 column 5 function verify_checksum
Unwinding loop 26 iteration 2   file /Users/user/NVIDIA-OpenSMA/verification/harnesses/fru_utils_harness.cpp line 42 column 5 function verify_checksum
Unwinding loop 26 iteration 3   file /Users/user/NVIDIA-OpenSMA/verification/harnesses/fru_utils_harness.cpp line 42 column 5 function verify_checksum
Not unwinding loop 26 iteration 4   file /Users/user/NVIDIA-OpenSMA/verification/harnesses/fru_utils_harness.cpp line 42 column 5 function verify_checksum
Unwinding loop 27 iteration 1   file /Users/user/NVIDIA-OpenSMA/verification/harnesses/fru_utils_harness.cpp line 51 column 5 function decode_6bit_ascii
Unwinding loop 27 iteration 2   file /Users/user/NVIDIA-OpenSMA/verification/harnesses/fru_utils_harness.cpp line 51 column 5 function decode_6bit_ascii
Unwinding loop 27 iteration 3   file /Users/user/NVIDIA-OpenSMA/verification/harnesses/fru_utils_harness.cpp line 51 column 5 function decode_6bit_ascii
Not unwinding loop 27 iteration 4   file /Users/user/NVIDIA-OpenSMA/verification/harnesses/fru_utils_harness.cpp line 51 column 5 function decode_6bit_ascii
Unwinding loop 26 iteration 1   file /Users/user/NVIDIA-OpenSMA/verification/harnesses/fru_utils_harness.cpp line 42 column 5 function verify_checksum
Unwinding loop 26 iteration 1   file /Users/user/NVIDIA-OpenSMA/verification/harnesses/fru_utils_harness.cpp line 42 column 5 function verify_checksum
Unwinding loop 26 iteration 2   file /Users/user/NVIDIA-OpenSMA/verification/harnesses/fru_utils_harness.cpp line 42 column 5 function verify_checksum
Unwinding loop 27 iteration 1   file /Users/user/NVIDIA-OpenSMA/verification/harnesses/fru_utils_harness.cpp line 51 column 5 function decode_6bit_ascii
Unwinding loop 27 iteration 2   file /Users/user/NVIDIA-OpenSMA/verification/harnesses/fru_utils_harness.cpp line 51 column 5 function decode_6bit_ascii
Unwinding loop 27 iteration 3   file /Users/user/NVIDIA-OpenSMA/verification/harnesses/fru_utils_harness.cpp line 51 column 5 function decode_6bit_ascii
Not unwinding loop 27 iteration 4   file /Users/user/NVIDIA-OpenSMA/verification/harnesses/fru_utils_harness.cpp line 51 column 5 function decode_6bit_ascii
Symex completed in: 0.024s (181 assignments)
Caching time: 0.001s (removed 1 assertions)
Slicing time: 0.000s (removed 119 assignments)
Generated 76 VCC(s), 29 remaining after simplification (61 assignments)
No solver specified; defaulting to bitwuzla
Encoding remaining VCC(s) using bit-vector/floating-point arithmetic
Encoding to solver time: 0.002s
Solving with solver Bitwuzla 0.8.2
Runtime decision procedure: 0.002s
BMC program time: 0.030s

VERIFICATION SUCCESSFUL
ESBMC version 8.2.0 64-bit aarch64 macos
