Target: 64-bit little-endian aarch64-unknown-macos with esbmclibc
Parsing /Users/user/NVIDIA-OpenSMA/verification/harnesses/i2c_crc8_harness.cpp
Converting
Generating GOTO Program
GOTO program creation time: 0.774s
GOTO program processing time: 0.004s
Starting Bounded Model Checking
Unwinding loop 6 iteration 1   file /Users/user/NVIDIA-OpenSMA/verification/harnesses/i2c_crc8_harness.cpp line 75 column 5 function f_crc8_simple_total
Unwinding loop 6 iteration 2   file /Users/user/NVIDIA-OpenSMA/verification/harnesses/i2c_crc8_harness.cpp line 75 column 5 function f_crc8_simple_total
Unwinding loop 6 iteration 3   file /Users/user/NVIDIA-OpenSMA/verification/harnesses/i2c_crc8_harness.cpp line 75 column 5 function f_crc8_simple_total
Unwinding loop 6 iteration 4   file /Users/user/NVIDIA-OpenSMA/verification/harnesses/i2c_crc8_harness.cpp line 75 column 5 function f_crc8_simple_total
Unwinding loop 4 iteration 1   file /Users/user/NVIDIA-OpenSMA/verification/harnesses/i2c_crc8_harness.cpp line 51 column 5 function crc8
Unwinding loop 4 iteration 2   file /Users/user/NVIDIA-OpenSMA/verification/harnesses/i2c_crc8_harness.cpp line 51 column 5 function crc8
Unwinding loop 4 iteration 3   file /Users/user/NVIDIA-OpenSMA/verification/harnesses/i2c_crc8_harness.cpp line 51 column 5 function crc8
Unwinding loop 4 iteration 4   file /Users/user/NVIDIA-OpenSMA/verification/harnesses/i2c_crc8_harness.cpp line 51 column 5 function crc8
Unwinding loop 7 iteration 1   file /Users/user/NVIDIA-OpenSMA/verification/harnesses/i2c_crc8_harness.cpp line 83 column 5 function f_crc8_incremental_total
Unwinding loop 7 iteration 2   file /Users/user/NVIDIA-OpenSMA/verification/harnesses/i2c_crc8_harness.cpp line 83 column 5 function f_crc8_incremental_total
Unwinding loop 7 iteration 3   file /Users/user/NVIDIA-OpenSMA/verification/harnesses/i2c_crc8_harness.cpp line 83 column 5 function f_crc8_incremental_total
Unwinding loop 7 iteration 4   file /Users/user/NVIDIA-OpenSMA/verification/harnesses/i2c_crc8_harness.cpp line 83 column 5 function f_crc8_incremental_total
Unwinding loop 5 iteration 1   file /Users/user/NVIDIA-OpenSMA/verification/harnesses/i2c_crc8_harness.cpp line 59 column 5 function crc8
Unwinding loop 5 iteration 2   file /Users/user/NVIDIA-OpenSMA/verification/harnesses/i2c_crc8_harness.cpp line 59 column 5 function crc8
Unwinding loop 5 iteration 3   file /Users/user/NVIDIA-OpenSMA/verification/harnesses/i2c_crc8_harness.cpp line 59 column 5 function crc8
Unwinding loop 5 iteration 4   file /Users/user/NVIDIA-OpenSMA/verification/harnesses/i2c_crc8_harness.cpp line 59 column 5 function crc8
Unwinding loop 4 iteration 1   file /Users/user/NVIDIA-OpenSMA/verification/harnesses/i2c_crc8_harness.cpp line 51 column 5 function crc8
Unwinding loop 4 iteration 2   file /Users/user/NVIDIA-OpenSMA/verification/harnesses/i2c_crc8_harness.cpp line 51 column 5 function crc8
Unwinding loop 5 iteration 1   file /Users/user/NVIDIA-OpenSMA/verification/harnesses/i2c_crc8_harness.cpp line 59 column 5 function crc8
Unwinding loop 5 iteration 1   file /Users/user/NVIDIA-OpenSMA/verification/harnesses/i2c_crc8_harness.cpp line 59 column 5 function crc8
Unwinding loop 8 iteration 1   file /Users/user/NVIDIA-OpenSMA/verification/harnesses/i2c_crc8_harness.cpp line 114 column 5 function f_crc8_init_zero_invariant
Unwinding loop 8 iteration 2   file /Users/user/NVIDIA-OpenSMA/verification/harnesses/i2c_crc8_harness.cpp line 114 column 5 function f_crc8_init_zero_invariant
Unwinding loop 8 iteration 3   file /Users/user/NVIDIA-OpenSMA/verification/harnesses/i2c_crc8_harness.cpp line 114 column 5 function f_crc8_init_zero_invariant
Unwinding loop 8 iteration 4   file /Users/user/NVIDIA-OpenSMA/verification/harnesses/i2c_crc8_harness.cpp line 114 column 5 function f_crc8_init_zero_invariant
Unwinding loop 4 iteration 1   file /Users/user/NVIDIA-OpenSMA/verification/harnesses/i2c_crc8_harness.cpp line 51 column 5 function crc8
Unwinding loop 4 iteration 2   file /Users/user/NVIDIA-OpenSMA/verification/harnesses/i2c_crc8_harness.cpp line 51 column 5 function crc8
Unwinding loop 4 iteration 3   file /Users/user/NVIDIA-OpenSMA/verification/harnesses/i2c_crc8_harness.cpp line 51 column 5 function crc8
Unwinding loop 4 iteration 4   file /Users/user/NVIDIA-OpenSMA/verification/harnesses/i2c_crc8_harness.cpp line 51 column 5 function crc8
Unwinding loop 5 iteration 1   file /Users/user/NVIDIA-OpenSMA/verification/harnesses/i2c_crc8_harness.cpp line 59 column 5 function crc8
Unwinding loop 5 iteration 2   file /Users/user/NVIDIA-OpenSMA/verification/harnesses/i2c_crc8_harness.cpp line 59 column 5 function crc8
Unwinding loop 5 iteration 3   file /Users/user/NVIDIA-OpenSMA/verification/harnesses/i2c_crc8_harness.cpp line 59 column 5 function crc8
Unwinding loop 5 iteration 4   file /Users/user/NVIDIA-OpenSMA/verification/harnesses/i2c_crc8_harness.cpp line 59 column 5 function crc8
Symex completed in: 0.064s (479 assignments)
Caching time: 0.002s (removed 7 assertions)
Slicing time: 0.002s (removed 313 assignments)
Generated 374 VCC(s), 72 remaining after simplification (159 assignments)
No solver specified; defaulting to bitwuzla
Encoding remaining VCC(s) using bit-vector/floating-point arithmetic
Encoding to solver time: 0.010s
Solving with solver Bitwuzla 0.8.2
Runtime decision procedure: 0.024s
BMC program time: 0.102s

VERIFICATION SUCCESSFUL
ESBMC version 8.2.0 64-bit aarch64 macos
