Target: 64-bit little-endian aarch64-unknown-macos with esbmclibc
Parsing /Users/user/OpenSMA/verification/harnesses/literals_harness.cpp
Converting
Generating GOTO Program
GOTO program creation time: 0.940s
Interval Analysis time: 0.008s
GOTO program processing time: 0.013s
Checking base case, k = 1
Starting Bounded Model Checking
Symex completed in: 0.005s (94 assignments)
Slicing time: 0.000s (removed 35 assignments)
Generated 8 VCC(s), 8 remaining after simplification (59 assignments)
No solver specified; defaulting to bitwuzla
Encoding remaining VCC(s) using bit-vector/floating-point arithmetic
Encoding to solver time: 0.000s
Solving with solver Bitwuzla 0.8.2
Runtime decision procedure: 0.001s
BMC program time: 0.007s
No bug has been found in the base case
Checking forward condition, k = 1
Starting Bounded Model Checking
Symex completed in: 0.004s (86 assignments)
Slicing time: 0.000s (removed 75 assignments)
Generated 0 VCC(s), 0 remaining after simplification (11 assignments)
BMC program time: 0.004s

VERIFICATION SUCCESSFUL

Solution found by the forward condition; all states are reachable (k = 1)
ESBMC version 8.2.0 64-bit aarch64 macos
