Target: 64-bit little-endian aarch64-unknown-macos with esbmclibc
Parsing /Users/user/OpenSMA/verification/harnesses/mctp_router_negative_harness.cpp
Parsing /Users/user/OpenSMA/corepdk/modules/mctp-cpp/src/platforms/x86/pdk-mctp-platforms-router-plat.cpp
In file included from /Users/user/OpenSMA/verification/harnesses/mctp_router_negative_harness.cpp:16:
In file included from /Users/user/OpenSMA/corepdk/modules/mctp-cpp/src/app/pdk-mctp-app-router-plat.h:19:
In file included from /Users/user/OpenSMA/corepdk/modules/mctp-cpp/src/platforms/x86/pdk-mctp-platforms-router.h:25:
In file included from /Users/user/OpenSMA/corepdk/modules/mctp-cpp/src/app/pdk-mctp-app-packet.h:19:
In file included from /Users/user/OpenSMA/verification/stubs/span:10:
/Users/user/OpenSMA/verification/stubs/bit:16:91: warning: non-type template parameter declared with incompatible types in different translation units ('typename enable_if<is_pointer<To>::value && is_pointer<From>::value, int>::type' vs. 'typename enable_if<!(is_pointer<To>::value && is_pointer<From>::value), int>::type') [-Wodr]
   16 |           typename enable_if<is_pointer<To>::value && is_pointer<From>::value, int>::type = 0>
      |                                                                                           ^
/Users/user/OpenSMA/verification/stubs/bit:23:94: note: declared here with type 'typename enable_if<!(is_pointer<To>::value && is_pointer<From>::value), int>::type'
   23 |           typename enable_if<!(is_pointer<To>::value && is_pointer<From>::value), int>::type = 0>
      |                                                                                              ^
Parsing /Users/user/OpenSMA/corepdk/modules/mctp-cpp/src/platforms/x86/pdk-mctp-platforms-packet-plat.cpp
In file included from /Users/user/OpenSMA/verification/harnesses/mctp_router_negative_harness.cpp:16:
In file included from /Users/user/OpenSMA/corepdk/modules/mctp-cpp/src/app/pdk-mctp-app-router-plat.h:19:
In file included from /Users/user/OpenSMA/corepdk/modules/mctp-cpp/src/platforms/x86/pdk-mctp-platforms-router.h:25:
In file included from /Users/user/OpenSMA/corepdk/modules/mctp-cpp/src/app/pdk-mctp-app-packet.h:19:
In file included from /Users/user/OpenSMA/verification/stubs/span:10:
/Users/user/OpenSMA/verification/stubs/bit:16:91: warning: non-type template parameter declared with incompatible types in different translation units ('typename enable_if<is_pointer<To>::value && is_pointer<From>::value, int>::type' vs. 'typename enable_if<!(is_pointer<To>::value && is_pointer<From>::value), int>::type') [-Wodr]
   16 |           typename enable_if<is_pointer<To>::value && is_pointer<From>::value, int>::type = 0>
      |                                                                                           ^
/Users/user/OpenSMA/verification/stubs/bit:23:94: note: declared here with type 'typename enable_if<!(is_pointer<To>::value && is_pointer<From>::value), int>::type'
   23 |           typename enable_if<!(is_pointer<To>::value && is_pointer<From>::value), int>::type = 0>
      |                                                                                              ^
Converting
Generating GOTO Program
GOTO program creation time: 0.547s
GOTO program processing time: 0.005s
Starting Bounded Model Checking
Symex completed in: 0.004s (76 assignments)
Caching time: 0.000s (removed 1 assertions)
Slicing time: 0.000s (removed 69 assignments)
Generated 10 VCC(s), 6 remaining after simplification (6 assignments)
No solver specified; defaulting to bitwuzla
Encoding remaining VCC(s) using bit-vector/floating-point arithmetic
Encoding to solver time: 0.001s
Solving with solver Bitwuzla 0.8.2
Runtime decision procedure: 0.000s
Building error trace

[Counterexample]


State 5 file /Users/user/OpenSMA/verification/stubs/array line 35 column 9 function at thread 0
----------------------------------------------------
Violated property:
  file /Users/user/OpenSMA/verification/stubs/array line 35 column 9 function at
  std::array::at out of range
  i::0 < 2


VERIFICATION FAILED
ESBMC version 8.2.0 64-bit aarch64 macos
