Target: 64-bit little-endian aarch64-unknown-macos with esbmclibc
Parsing /Users/user/NVIDIA-OpenSMA/verification/harnesses/mctp_dispatch_harness.cpp
Parsing /Users/user/NVIDIA-OpenSMA/corepdk/modules/mctp-cpp/src/app/pdk-mctp-app-validator.cpp
In file included from /Users/user/NVIDIA-OpenSMA/verification/harnesses/mctp_dispatch_harness.cpp:30:
In file included from /Users/user/NVIDIA-OpenSMA/corepdk/modules/mctp-cpp/src/app/pdk-mctp-app-control.h:20:
/Users/user/NVIDIA-OpenSMA/verification/stubs/bit:16:91: warning: non-type template parameter declared with incompatible types in different translation units ('typename enable_if<is_pointer<To>::value && is_pointer<From>::value, int>::type' vs. 'typename enable_if<!(is_pointer<To>::value && is_pointer<From>::value), int>::type') [-Wodr]
   16 |           typename enable_if<is_pointer<To>::value && is_pointer<From>::value, int>::type = 0>
      |                                                                                           ^
/Users/user/NVIDIA-OpenSMA/verification/stubs/bit:23:94: note: declared here with type 'typename enable_if<!(is_pointer<To>::value && is_pointer<From>::value), int>::type'
   23 |           typename enable_if<!(is_pointer<To>::value && is_pointer<From>::value), int>::type = 0>
      |                                                                                              ^
Parsing /Users/user/NVIDIA-OpenSMA/corepdk/modules/mctp-cpp/src/platforms/x86/pdk-mctp-platforms-control.cpp
In file included from /Users/user/NVIDIA-OpenSMA/verification/harnesses/mctp_dispatch_harness.cpp:30:
In file included from /Users/user/NVIDIA-OpenSMA/corepdk/modules/mctp-cpp/src/app/pdk-mctp-app-control.h:20:
/Users/user/NVIDIA-OpenSMA/verification/stubs/bit:16:91: warning: non-type template parameter declared with incompatible types in different translation units ('typename enable_if<is_pointer<To>::value && is_pointer<From>::value, int>::type' vs. 'typename enable_if<!(is_pointer<To>::value && is_pointer<From>::value), int>::type') [-Wodr]
   16 |           typename enable_if<is_pointer<To>::value && is_pointer<From>::value, int>::type = 0>
      |                                                                                           ^
/Users/user/NVIDIA-OpenSMA/verification/stubs/bit:23:94: note: declared here with type 'typename enable_if<!(is_pointer<To>::value && is_pointer<From>::value), int>::type'
   23 |           typename enable_if<!(is_pointer<To>::value && is_pointer<From>::value), int>::type = 0>
      |                                                                                              ^
Parsing /Users/user/NVIDIA-OpenSMA/corepdk/modules/mctp-cpp/src/platforms/x86/pdk-mctp-platforms-router-plat.cpp
In file included from /Users/user/NVIDIA-OpenSMA/verification/harnesses/mctp_dispatch_harness.cpp:30:
In file included from /Users/user/NVIDIA-OpenSMA/corepdk/modules/mctp-cpp/src/app/pdk-mctp-app-control.h:20:
/Users/user/NVIDIA-OpenSMA/verification/stubs/bit:16:91: warning: non-type template parameter declared with incompatible types in different translation units ('typename enable_if<is_pointer<To>::value && is_pointer<From>::value, int>::type' vs. 'typename enable_if<!(is_pointer<To>::value && is_pointer<From>::value), int>::type') [-Wodr]
   16 |           typename enable_if<is_pointer<To>::value && is_pointer<From>::value, int>::type = 0>
      |                                                                                           ^
/Users/user/NVIDIA-OpenSMA/verification/stubs/bit:23:94: note: declared here with type 'typename enable_if<!(is_pointer<To>::value && is_pointer<From>::value), int>::type'
   23 |           typename enable_if<!(is_pointer<To>::value && is_pointer<From>::value), int>::type = 0>
      |                                                                                              ^
Parsing /Users/user/NVIDIA-OpenSMA/corepdk/modules/mctp-cpp/src/platforms/x86/pdk-mctp-platforms-packet-plat.cpp
In file included from /Users/user/NVIDIA-OpenSMA/verification/harnesses/mctp_dispatch_harness.cpp:30:
In file included from /Users/user/NVIDIA-OpenSMA/corepdk/modules/mctp-cpp/src/app/pdk-mctp-app-control.h:20:
/Users/user/NVIDIA-OpenSMA/verification/stubs/bit:16:91: warning: non-type template parameter declared with incompatible types in different translation units ('typename enable_if<is_pointer<To>::value && is_pointer<From>::value, int>::type' vs. 'typename enable_if<!(is_pointer<To>::value && is_pointer<From>::value), int>::type') [-Wodr]
   16 |           typename enable_if<is_pointer<To>::value && is_pointer<From>::value, int>::type = 0>
      |                                                                                           ^
/Users/user/NVIDIA-OpenSMA/verification/stubs/bit:23:94: note: declared here with type 'typename enable_if<!(is_pointer<To>::value && is_pointer<From>::value), int>::type'
   23 |           typename enable_if<!(is_pointer<To>::value && is_pointer<From>::value), int>::type = 0>
      |                                                                                              ^
Converting
Generating GOTO Program
GOTO program creation time: 0.904s
GOTO program processing time: 0.008s
Starting Bounded Model Checking
WARNING: not checking alignment for access to packed struct struct pdk::mctp::platforms::PrivateHeader
WARNING: not checking alignment for access to packed struct struct pdk::mctp::app::Control::PktReq
WARNING: no body for function hide#
WARNING: not checking alignment for access to packed struct struct pdk::mctp::app::Control::PktReq
WARNING: not checking alignment for access to packed struct struct pdk::mctp::app::Control::PktReq
WARNING: not checking alignment for access to packed struct struct pdk::mctp::app::Control::PktReq
Unwinding loop 4 iteration 1   file /Users/user/NVIDIA-OpenSMA/corepdk/modules/mctp-cpp/src/app/pdk-mctp-app-validator.cpp line 44 column 9 function validate
WARNING: not checking alignment for access to packed struct struct pdk::mctp::app::Control::PktReq
Unwinding loop 4 iteration 2   file /Users/user/NVIDIA-OpenSMA/corepdk/modules/mctp-cpp/src/app/pdk-mctp-app-validator.cpp line 44 column 9 function validate
WARNING: not checking alignment for access to packed struct struct pdk::mctp::app::Control::PktReq
WARNING: not checking alignment for access to packed struct struct pdk::mctp::app::Control::PktReq
WARNING: not checking alignment for access to packed struct struct pdk::mctp::app::Control::PktReq
WARNING: not checking alignment for access to packed struct struct pdk::mctp::app::Control::PktReq
WARNING: no body for function hide#
WARNING: no body for function Packet#S
WARNING: no body for function hide#
WARNING: not checking alignment for access to packed struct struct pdk::mctp::app::Control::PktReq
WARNING: not checking alignment for access to packed struct struct pdk::mctp::app::Control::PktReq
WARNING: not checking alignment for access to packed struct struct pdk::mctp::app::Control::PktReq
WARNING: not checking alignment for access to packed struct struct pdk::mctp::app::Control::PktReq
WARNING: not checking alignment for access to packed struct struct pdk::mctp::app::Control::PktReq
WARNING: not checking alignment for access to packed struct struct pdk::mctp::app::Control::PktReq
WARNING: no body for function hide#
WARNING: not checking alignment for access to packed struct struct pdk::mctp::app::Control::PktReq
WARNING: not checking alignment for access to packed struct struct pdk::mctp::app::Control::PktReq
WARNING: not checking alignment for access to packed struct struct pdk::mctp::app::Control::PktReq
WARNING: not checking alignment for access to packed struct struct pdk::mctp::app::Control::PktReq
WARNING: not checking alignment for access to packed struct struct pdk::mctp::app::Control::PktReq
WARNING: not checking alignment for access to packed struct struct pdk::mctp::app::Control::PktReq
WARNING: no body for function hide#
WARNING: not checking alignment for access to packed struct struct pdk::mctp::app::Control::PktReq
WARNING: not checking alignment for access to packed struct struct pdk::mctp::app::Control::PktReq
WARNING: no body for function hide#
WARNING: not checking alignment for access to packed struct struct pdk::mctp::platforms::NsmPktReq
WARNING: no body for function hide#
WARNING: not checking alignment for access to packed struct struct pdk::mctp::app::Control::PktReq
WARNING: not checking alignment for access to packed struct struct pdk::mctp::app::VendorPktReq
WARNING: not checking alignment for access to packed struct struct pdk::mctp::app::VendorPktReq
WARNING: not checking alignment for access to packed struct struct pdk::mctp::app::VendorPktReq
WARNING: no body for function hide#
WARNING: no body for function Packet#S
WARNING: no body for function hide#
WARNING: not checking alignment for access to packed struct struct pdk::mctp::app::Control::PktReq
WARNING: not checking alignment for access to packed struct struct pdk::mctp::app::Control::PktReq
WARNING: not checking alignment for access to packed struct struct pdk::mctp::app::Control::PktReq
WARNING: not checking alignment for access to packed struct struct pdk::mctp::app::Control::PktReq
WARNING: not checking alignment for access to packed struct struct pdk::mctp::app::Control::PktReq
WARNING: no body for function hide#
WARNING: not checking alignment for access to packed struct struct pdk::mctp::app::Control::PktReq
WARNING: not checking alignment for access to packed struct struct pdk::mctp::app::Control::PktReq
WARNING: not checking alignment for access to packed struct struct pdk::mctp::app::Control::PktReq
WARNING: not checking alignment for access to packed struct struct pdk::mctp::app::Control::PktReq
WARNING: no body for function hide#
WARNING: not checking alignment for access to packed struct struct pdk::mctp::app::Control::PktReq
WARNING: not checking alignment for access to packed struct struct pdk::mctp::app::Control::PktReq
WARNING: not checking alignment for access to packed struct struct pdk::mctp::app::Control::PktReq
WARNING: not checking alignment for access to packed struct struct pdk::mctp::app::Control::PktReq
WARNING: no body for function hide#
WARNING: not checking alignment for access to packed struct struct pdk::mctp::app::Control::PktReq
WARNING: no body for function hide#
WARNING: no body for function hide#
WARNING: no body for function hide#
WARNING: no body for function Packet#S
WARNING: not checking alignment for access to packed struct struct pdk::mctp::app::Control::PktReq
WARNING: not checking alignment for access to packed struct struct pdk::mctp::app::Control::PktReq
WARNING: not checking alignment for access to packed struct struct pdk::mctp::app::Control::PktReq
WARNING: not checking alignment for access to packed struct struct pdk::mctp::app::Control::PktReq
WARNING: not checking alignment for access to packed struct struct pdk::mctp::platforms::PrivateHeader
WARNING: not checking alignment for access to packed struct struct pdk::mctp::app::Control::PktReq
WARNING: no body for function Packet#&S1_#1
WARNING: no body for function Packet#&S1_#1
WARNING: not checking alignment for access to packed struct struct pdk::mctp::app::Control::PktRes
WARNING: not checking alignment for access to packed struct struct pdk::mctp::app::Control::PktRes
WARNING: not checking alignment for access to packed struct struct pdk::mctp::platforms::PrivateHeader
WARNING: not checking alignment for access to packed struct struct pdk::mctp::app::Control::PktRes
WARNING: no body for function here#
WARNING: not checking alignment for access to packed struct struct pdk::mctp::app::Control::PktRes
WARNING: no body for function Packet#&S2_#1
WARNING: no body for function Packet#&S1_#1
WARNING: no body for function Packet#&S1_#1
WARNING: not checking alignment for access to packed struct struct pdk::mctp::app::Control::PktRes
WARNING: not checking alignment for access to packed struct struct pdk::mctp::app::Control::PktRes
WARNING: not checking alignment for access to packed struct struct pdk::mctp::platforms::PrivateHeader
WARNING: not checking alignment for access to packed struct struct pdk::mctp::app::Control::PktRes
WARNING: no body for function here#
WARNING: not checking alignment for access to packed struct struct pdk::mctp::app::Control::PktRes
WARNING: no body for function Packet#&S2_#1
WARNING: not checking alignment for access to packed struct struct pdk::mctp::app::Control::PktRes
WARNING: not checking alignment for access to packed struct struct pdk::mctp::platforms::PrivateHeader
WARNING: not checking alignment for access to packed struct struct pdk::mctp::app::TransportHeader
WARNING: not checking alignment for access to packed struct struct pdk::mctp::app::Control::PktReq
WARNING: not checking alignment for access to packed struct struct pdk::mctp::platforms::PrivateHeader
Symex completed in: 0.110s (477 assignments)
Caching time: 0.001s (removed 1 assertions)
Slicing time: 0.002s (removed 362 assignments)
Generated 275 VCC(s), 16 remaining after simplification (114 assignments)
No solver specified; defaulting to bitwuzla
Encoding remaining VCC(s) using bit-vector/floating-point arithmetic
Encoding to solver time: 0.009s
Solving with solver Bitwuzla 0.8.2
Runtime decision procedure: 0.002s
Building error trace

[Counterexample]


State 5 file /Users/user/NVIDIA-OpenSMA/verification/harnesses/mctp_dispatch_harness.cpp line 62 column 5 function main thread 0
----------------------------------------------------
  iface_val = 2 (00000010)

State 7 file /Users/user/NVIDIA-OpenSMA/verification/harnesses/mctp_dispatch_harness.cpp line 83 column 24 function main thread 0
----------------------------------------------------
  *return_value$_operator[]$9 = { .priv={ .packet_length = 0 }, .hdr={ .hdr_ver=1, .rsvd=0, .dst_eid=0, .src_eid=0, .msg_tag=0,
    .tag_owner=1, .pkt_seq=0, .eom=1,
    .som=1 }, .msg={ .elems={ 0, 128, 1, 0, nondet_symbol(symex::nondet3), 0, 0, 0, 0, 0, 0, 0, 0, 0, 0, 0, 0, 0, 0, 0, 0, 0, 0, 0, 0, 0, 0, 0, 0, 0, 0, 0, 0, 0, 0, 0, 0, 0, 0, 0, 0, 0, 0, 0, 0, 0, 0, 0, 0, 0, 0, 0, 0, 0, 0, 0, 0, 0, 0, 0, 0, 0, 0, 0 } } }

State 8 file /Users/user/NVIDIA-OpenSMA/corepdk/modules/mctp-cpp/src/platforms/x86/pdk-mctp-platforms-packet-plat.cpp line 43 column 5 function set_packet_interface thread 0
----------------------------------------------------
  pkt::0->priv.packet_interface = { .priv=2, .hdr={ .hdr_ver=1, .rsvd=0, .dst_eid=0, .src_eid=0, .msg_tag=0,
    .tag_owner=1, .pkt_seq=0, .eom=1,
    .som=1 }, .msg={ .elems={ 0, 128, 1, 0, 0, 0, 0, 0, 0, 0, 0, 0, 0, 0, 0, 0, 0, 0, 0, 0, 0, 0, 0, 0, 0, 0, 0, 0, 0, 0, 0, 0, 0, 0, 0, 0, 0, 0, 0, 0, 0, 0, 0, 0, 0, 0, 0, 0, 0, 0, 0, 0, 0, 0, 0, 0, 0, 0, 0, 0, 0, 0, 0, 0 } } }

State 9 file /Users/user/NVIDIA-OpenSMA/verification/harnesses/mctp_dispatch_harness.cpp line 87 column 5 function main thread 0
----------------------------------------------------
  valid = 1

State 10 file /Users/user/NVIDIA-OpenSMA/verification/stubs/array line 40 column 9 function at thread 0
----------------------------------------------------
Violated property:
  file /Users/user/NVIDIA-OpenSMA/verification/stubs/array line 40 column 9 function at
  std::array::at out of range
  i::0 < 2


VERIFICATION FAILED
ESBMC version 8.2.0 64-bit aarch64 macos
