Target: 64-bit little-endian aarch64-unknown-macos with esbmclibc
Parsing /Users/user/OpenSMA/verification/harnesses/mctp_packet_harness.cpp
Parsing /Users/user/OpenSMA/corepdk/modules/mctp-cpp/src/platforms/x86/pdk-mctp-platforms-packet-plat.cpp
Converting
Generating GOTO Program
GOTO program creation time: 0.409s
Interval Analysis time: 0.009s
GOTO program processing time: 0.019s
Checking base case, k = 1
Starting Bounded Model Checking
WARNING: not checking alignment for access to packed struct struct pdk::mctp::platforms::PrivateHeader
WARNING: not checking alignment for access to packed struct struct pdk::mctp::platforms::PrivateHeader
WARNING: not checking alignment for access to packed struct struct pdk::mctp::platforms::PrivateHeader
WARNING: not checking alignment for access to packed struct struct pdk::mctp::platforms::PrivateHeader
WARNING: not checking alignment for access to packed struct struct pdk::mctp::platforms::PrivateHeader
WARNING: not checking alignment for access to packed struct struct pdk::mctp::platforms::PrivateHeader
WARNING: not checking alignment for access to packed struct struct pdk::mctp::platforms::PrivateHeader
WARNING: not checking alignment for access to packed struct struct pdk::mctp::platforms::PrivateHeader
WARNING: not checking alignment for access to packed struct struct pdk::mctp::platforms::PrivateHeader
WARNING: not checking alignment for access to packed struct struct pdk::mctp::platforms::PrivateHeader
WARNING: not checking alignment for access to packed struct struct pdk::mctp::platforms::PrivateHeader
WARNING: not checking alignment for access to packed struct struct pdk::mctp::platforms::PrivateHeader
Symex completed in: 0.016s (146 assignments)
Slicing time: 0.001s (removed 81 assignments)
Generated 76 VCC(s), 12 remaining after simplification (65 assignments)
No solver specified; defaulting to bitwuzla
Encoding remaining VCC(s) using bit-vector/floating-point arithmetic
Encoding to solver time: 0.002s
Solving with solver Bitwuzla 0.8.2
Runtime decision procedure: 0.001s
BMC program time: 0.020s
No bug has been found in the base case
Checking forward condition, k = 1
Starting Bounded Model Checking
WARNING: not checking alignment for access to packed struct struct pdk::mctp::platforms::PrivateHeader
WARNING: not checking alignment for access to packed struct struct pdk::mctp::platforms::PrivateHeader
WARNING: not checking alignment for access to packed struct struct pdk::mctp::platforms::PrivateHeader
WARNING: not checking alignment for access to packed struct struct pdk::mctp::platforms::PrivateHeader
WARNING: not checking alignment for access to packed struct struct pdk::mctp::platforms::PrivateHeader
WARNING: not checking alignment for access to packed struct struct pdk::mctp::platforms::PrivateHeader
WARNING: not checking alignment for access to packed struct struct pdk::mctp::platforms::PrivateHeader
WARNING: not checking alignment for access to packed struct struct pdk::mctp::platforms::PrivateHeader
WARNING: not checking alignment for access to packed struct struct pdk::mctp::platforms::PrivateHeader
WARNING: not checking alignment for access to packed struct struct pdk::mctp::platforms::PrivateHeader
WARNING: not checking alignment for access to packed struct struct pdk::mctp::platforms::PrivateHeader
WARNING: not checking alignment for access to packed struct struct pdk::mctp::platforms::PrivateHeader
Symex completed in: 0.017s (136 assignments)
Slicing time: 0.000s (removed 108 assignments)
Generated 66 VCC(s), 2 remaining after simplification (28 assignments)
No solver specified; defaulting to bitwuzla
Encoding remaining VCC(s) using bit-vector/floating-point arithmetic
Encoding to solver time: 0.001s
Solving with solver Bitwuzla 0.8.2
Runtime decision procedure: 0.001s
BMC program time: 0.019s

VERIFICATION SUCCESSFUL

Solution found by the forward condition; all states are reachable (k = 1)
ESBMC version 8.2.0 64-bit aarch64 macos
