Target: 64-bit little-endian aarch64-unknown-macos with esbmclibc
Parsing /Users/user/NVIDIA-OpenSMA/verification/harnesses/mctp_router_harness.cpp
Parsing /Users/user/NVIDIA-OpenSMA/corepdk/modules/mctp-cpp/src/platforms/x86/pdk-mctp-platforms-router-plat.cpp
Parsing /Users/user/NVIDIA-OpenSMA/corepdk/modules/mctp-cpp/src/platforms/x86/pdk-mctp-platforms-packet-plat.cpp
Converting
Generating GOTO Program
GOTO program creation time: 1.315s
GOTO program processing time: 0.008s
Starting Bounded Model Checking
WARNING: no body for function here#
Symex completed in: 0.017s (182 assignments)
Caching time: 0.000s (removed 1 assertions)
Slicing time: 0.001s (removed 154 assignments)
Generated 70 VCC(s), 12 remaining after simplification (27 assignments)
No solver specified; defaulting to bitwuzla
Encoding remaining VCC(s) using bit-vector/floating-point arithmetic
Encoding to solver time: 0.001s
Solving with solver Bitwuzla 0.8.2
Runtime decision procedure: 0.003s
BMC program time: 0.022s

VERIFICATION SUCCESSFUL
ESBMC version 8.2.0 64-bit aarch64 macos
