Target: 64-bit little-endian aarch64-unknown-macos with esbmclibc
Parsing /Users/user/NVIDIA-OpenSMA/verification/harnesses/mctp_packet_negative_harness.cpp
Parsing /Users/user/NVIDIA-OpenSMA/corepdk/modules/mctp-cpp/src/platforms/x86/pdk-mctp-platforms-packet-plat.cpp
Converting
Generating GOTO Program
GOTO program creation time: 0.653s
GOTO program processing time: 0.007s
Starting Bounded Model Checking
Symex completed in: 0.007s (143 assignments)
Caching time: 0.001s (removed 1 assertions)
Slicing time: 0.000s (removed 128 assignments)
Generated 28 VCC(s), 5 remaining after simplification (14 assignments)
No solver specified; defaulting to bitwuzla
Encoding remaining VCC(s) using bit-vector/floating-point arithmetic
Encoding to solver time: 0.001s
Solving with solver Bitwuzla 0.8.2
Runtime decision procedure: 0.000s
Building error trace

[Counterexample]


State 3 file /Users/user/NVIDIA-OpenSMA/verification/stubs/pdk-cmn-flowcontrol.h line 20 column 5 function corepdk_assert thread 0
----------------------------------------------------
Violated property:
  file /Users/user/NVIDIA-OpenSMA/verification/stubs/pdk-cmn-flowcontrol.h line 20 column 5 function corepdk_assert
  assertion corepdk_assert
  !((_Bool)((signed long int)(!(condition::0 && (_Bool)msg::1))))


VERIFICATION FAILED
ESBMC version 8.2.0 64-bit aarch64 macos
