Target: 64-bit little-endian aarch64-unknown-macos with esbmclibc
Parsing /Users/user/NVIDIA-OpenSMA/verification/harnesses/pca9555_harness.cpp
Parsing /Users/user/NVIDIA-OpenSMA/src/nv/emulation/pca9555.cpp
Converting
Generating GOTO Program
GOTO program creation time: 1.007s
GOTO program processing time: 0.010s
Starting Bounded Model Checking
Unwinding loop 4 iteration 1   file /Users/user/NVIDIA-OpenSMA/src/nv/emulation/pca9555.cpp line 142 column 5 function i2c_write
Unwinding loop 4 iteration 1   file /Users/user/NVIDIA-OpenSMA/src/nv/emulation/pca9555.cpp line 142 column 5 function i2c_write
WARNING: no body for function array#
WARNING: no body for function array#
WARNING: no body for function array#
WARNING: no body for function array#
WARNING: no body for function array#
WARNING: no body for function array#
WARNING: no body for function array#
WARNING: no body for function array#
Unwinding loop 4 iteration 1   file /Users/user/NVIDIA-OpenSMA/src/nv/emulation/pca9555.cpp line 142 column 5 function i2c_write
Symex completed in: 0.373s (1620 assignments)
Caching time: 0.025s (removed 3 assertions)
Slicing time: 0.008s (removed 966 assignments)
Generated 1292 VCC(s), 250 remaining after simplification (651 assignments)
No solver specified; defaulting to bitwuzla
Encoding remaining VCC(s) using bit-vector/floating-point arithmetic
Encoding to solver time: 0.036s
Solving with solver Bitwuzla 0.8.2
Runtime decision procedure: 0.012s
BMC program time: 0.460s

VERIFICATION SUCCESSFUL
ESBMC version 8.2.0 64-bit aarch64 macos
