Target: 64-bit little-endian aarch64-unknown-macos with esbmclibc
Parsing /Users/user/NVIDIA-OpenSMA/verification/harnesses/spi_utils_harness.cpp
Converting
Generating GOTO Program
GOTO program creation time: 0.681s
GOTO program processing time: 0.008s
Starting Bounded Model Checking
Unwinding loop 7 iteration 1   file /Users/user/NVIDIA-OpenSMA/verification/harnesses/spi_utils_harness.cpp line 88 column 5 function f_buf_to_u16_total
Unwinding loop 7 iteration 2   file /Users/user/NVIDIA-OpenSMA/verification/harnesses/spi_utils_harness.cpp line 88 column 5 function f_buf_to_u16_total
Unwinding loop 7 iteration 3   file /Users/user/NVIDIA-OpenSMA/verification/harnesses/spi_utils_harness.cpp line 88 column 5 function f_buf_to_u16_total
Unwinding loop 7 iteration 4   file /Users/user/NVIDIA-OpenSMA/verification/harnesses/spi_utils_harness.cpp line 88 column 5 function f_buf_to_u16_total
Unwinding loop 7 iteration 5   file /Users/user/NVIDIA-OpenSMA/verification/harnesses/spi_utils_harness.cpp line 88 column 5 function f_buf_to_u16_total
Unwinding loop 7 iteration 6   file /Users/user/NVIDIA-OpenSMA/verification/harnesses/spi_utils_harness.cpp line 88 column 5 function f_buf_to_u16_total
Unwinding loop 7 iteration 7   file /Users/user/NVIDIA-OpenSMA/verification/harnesses/spi_utils_harness.cpp line 88 column 5 function f_buf_to_u16_total
Unwinding loop 7 iteration 8   file /Users/user/NVIDIA-OpenSMA/verification/harnesses/spi_utils_harness.cpp line 88 column 5 function f_buf_to_u16_total
Unwinding loop 8 iteration 1   file /Users/user/NVIDIA-OpenSMA/verification/harnesses/spi_utils_harness.cpp line 97 column 5 function f_buf_to_u32_total
Unwinding loop 8 iteration 2   file /Users/user/NVIDIA-OpenSMA/verification/harnesses/spi_utils_harness.cpp line 97 column 5 function f_buf_to_u32_total
Unwinding loop 8 iteration 3   file /Users/user/NVIDIA-OpenSMA/verification/harnesses/spi_utils_harness.cpp line 97 column 5 function f_buf_to_u32_total
Unwinding loop 8 iteration 4   file /Users/user/NVIDIA-OpenSMA/verification/harnesses/spi_utils_harness.cpp line 97 column 5 function f_buf_to_u32_total
Unwinding loop 8 iteration 5   file /Users/user/NVIDIA-OpenSMA/verification/harnesses/spi_utils_harness.cpp line 97 column 5 function f_buf_to_u32_total
Unwinding loop 8 iteration 6   file /Users/user/NVIDIA-OpenSMA/verification/harnesses/spi_utils_harness.cpp line 97 column 5 function f_buf_to_u32_total
Unwinding loop 8 iteration 7   file /Users/user/NVIDIA-OpenSMA/verification/harnesses/spi_utils_harness.cpp line 97 column 5 function f_buf_to_u32_total
Unwinding loop 8 iteration 8   file /Users/user/NVIDIA-OpenSMA/verification/harnesses/spi_utils_harness.cpp line 97 column 5 function f_buf_to_u32_total
Unwinding loop 9 iteration 1   file /Users/user/NVIDIA-OpenSMA/verification/harnesses/spi_utils_harness.cpp line 162 column 5 function f_oob_idx_no_write
Unwinding loop 9 iteration 2   file /Users/user/NVIDIA-OpenSMA/verification/harnesses/spi_utils_harness.cpp line 162 column 5 function f_oob_idx_no_write
Unwinding loop 9 iteration 3   file /Users/user/NVIDIA-OpenSMA/verification/harnesses/spi_utils_harness.cpp line 162 column 5 function f_oob_idx_no_write
Unwinding loop 9 iteration 4   file /Users/user/NVIDIA-OpenSMA/verification/harnesses/spi_utils_harness.cpp line 162 column 5 function f_oob_idx_no_write
Unwinding loop 9 iteration 5   file /Users/user/NVIDIA-OpenSMA/verification/harnesses/spi_utils_harness.cpp line 162 column 5 function f_oob_idx_no_write
Unwinding loop 9 iteration 6   file /Users/user/NVIDIA-OpenSMA/verification/harnesses/spi_utils_harness.cpp line 162 column 5 function f_oob_idx_no_write
Unwinding loop 9 iteration 7   file /Users/user/NVIDIA-OpenSMA/verification/harnesses/spi_utils_harness.cpp line 162 column 5 function f_oob_idx_no_write
Unwinding loop 9 iteration 8   file /Users/user/NVIDIA-OpenSMA/verification/harnesses/spi_utils_harness.cpp line 162 column 5 function f_oob_idx_no_write
Symex completed in: 0.066s (550 assignments)
Caching time: 0.004s (removed 1 assertions)
Slicing time: 0.003s (removed 336 assignments)
Generated 424 VCC(s), 102 remaining after simplification (213 assignments)
No solver specified; defaulting to bitwuzla
Encoding remaining VCC(s) using bit-vector/floating-point arithmetic
Encoding to solver time: 0.006s
Solving with solver Bitwuzla 0.8.2
Runtime decision procedure: 0.014s
BMC program time: 0.094s

VERIFICATION SUCCESSFUL
ESBMC version 8.2.0 64-bit aarch64 macos
