Target: 64-bit little-endian aarch64-unknown-macos with esbmclibc
Parsing /Users/user/OpenSMA/verification/harnesses/spi_utils_harness.cpp
Converting
Generating GOTO Program
GOTO program creation time: 0.573s
Interval Analysis time: 0.011s
GOTO program processing time: 0.018s
Checking base case, k = 1
Starting Bounded Model Checking
Not unwinding loop 4 iteration 1   file /Users/user/OpenSMA/verification/harnesses/spi_utils_harness.cpp line 88 column 5 function f_buf_to_u16_total
Not unwinding loop 5 iteration 1   file /Users/user/OpenSMA/verification/harnesses/spi_utils_harness.cpp line 97 column 5 function f_buf_to_u32_total
Not unwinding loop 6 iteration 1   file /Users/user/OpenSMA/verification/harnesses/spi_utils_harness.cpp line 162 column 5 function f_oob_idx_no_write
Symex completed in: 0.045s (346 assignments)
Slicing time: 0.003s (removed 152 assignments)
Generated 224 VCC(s), 48 remaining after simplification (194 assignments)
No solver specified; defaulting to bitwuzla
Encoding remaining VCC(s) using bit-vector/floating-point arithmetic
Encoding to solver time: 0.006s
Solving with solver Bitwuzla 0.8.2
Runtime decision procedure: 0.013s
BMC program time: 0.068s
No bug has been found in the base case
Checking forward condition, k = 1
Starting Bounded Model Checking
Not unwinding loop 4 iteration 1   file /Users/user/OpenSMA/verification/harnesses/spi_utils_harness.cpp line 88 column 5 function f_buf_to_u16_total
Not unwinding loop 5 iteration 1   file /Users/user/OpenSMA/verification/harnesses/spi_utils_harness.cpp line 97 column 5 function f_buf_to_u32_total
Not unwinding loop 6 iteration 1   file /Users/user/OpenSMA/verification/harnesses/spi_utils_harness.cpp line 162 column 5 function f_oob_idx_no_write
Symex completed in: 0.041s (332 assignments)
Slicing time: 0.002s (removed 182 assignments)
Generated 207 VCC(s), 37 remaining after simplification (150 assignments)
No solver specified; defaulting to bitwuzla
Encoding remaining VCC(s) using bit-vector/floating-point arithmetic
Encoding to solver time: 0.004s
Solving with solver Bitwuzla 0.8.2
Runtime decision procedure: 0.007s
The forward condition is unable to prove the property
Checking base case, k = 2
Starting Bounded Model Checking
Unwinding loop 4 iteration 1   file /Users/user/OpenSMA/verification/harnesses/spi_utils_harness.cpp line 88 column 5 function f_buf_to_u16_total
Not unwinding loop 4 iteration 2   file /Users/user/OpenSMA/verification/harnesses/spi_utils_harness.cpp line 88 column 5 function f_buf_to_u16_total
Unwinding loop 5 iteration 1   file /Users/user/OpenSMA/verification/harnesses/spi_utils_harness.cpp line 97 column 5 function f_buf_to_u32_total
Not unwinding loop 5 iteration 2   file /Users/user/OpenSMA/verification/harnesses/spi_utils_harness.cpp line 97 column 5 function f_buf_to_u32_total
Unwinding loop 6 iteration 1   file /Users/user/OpenSMA/verification/harnesses/spi_utils_harness.cpp line 162 column 5 function f_oob_idx_no_write
Not unwinding loop 6 iteration 2   file /Users/user/OpenSMA/verification/harnesses/spi_utils_harness.cpp line 162 column 5 function f_oob_idx_no_write
Symex completed in: 0.045s (352 assignments)
Slicing time: 0.002s (removed 158 assignments)
Generated 230 VCC(s), 48 remaining after simplification (194 assignments)
No solver specified; defaulting to bitwuzla
Encoding remaining VCC(s) using bit-vector/floating-point arithmetic
Encoding to solver time: 0.006s
Solving with solver Bitwuzla 0.8.2
Runtime decision procedure: 0.013s
BMC program time: 0.066s
No bug has been found in the base case
Checking forward condition, k = 2
Starting Bounded Model Checking
Unwinding loop 4 iteration 1   file /Users/user/OpenSMA/verification/harnesses/spi_utils_harness.cpp line 88 column 5 function f_buf_to_u16_total
Not unwinding loop 4 iteration 2   file /Users/user/OpenSMA/verification/harnesses/spi_utils_harness.cpp line 88 column 5 function f_buf_to_u16_total
Unwinding loop 5 iteration 1   file /Users/user/OpenSMA/verification/harnesses/spi_utils_harness.cpp line 97 column 5 function f_buf_to_u32_total
Not unwinding loop 5 iteration 2   file /Users/user/OpenSMA/verification/harnesses/spi_utils_harness.cpp line 97 column 5 function f_buf_to_u32_total
Unwinding loop 6 iteration 1   file /Users/user/OpenSMA/verification/harnesses/spi_utils_harness.cpp line 162 column 5 function f_oob_idx_no_write
Not unwinding loop 6 iteration 2   file /Users/user/OpenSMA/verification/harnesses/spi_utils_harness.cpp line 162 column 5 function f_oob_idx_no_write
Symex completed in: 0.045s (338 assignments)
Slicing time: 0.002s (removed 188 assignments)
Generated 213 VCC(s), 37 remaining after simplification (150 assignments)
No solver specified; defaulting to bitwuzla
Encoding remaining VCC(s) using bit-vector/floating-point arithmetic
Encoding to solver time: 0.006s
Solving with solver Bitwuzla 0.8.2
Runtime decision procedure: 0.007s
The forward condition is unable to prove the property
Checking base case, k = 3
Starting Bounded Model Checking
Unwinding loop 4 iteration 1   file /Users/user/OpenSMA/verification/harnesses/spi_utils_harness.cpp line 88 column 5 function f_buf_to_u16_total
Unwinding loop 4 iteration 2   file /Users/user/OpenSMA/verification/harnesses/spi_utils_harness.cpp line 88 column 5 function f_buf_to_u16_total
Not unwinding loop 4 iteration 3   file /Users/user/OpenSMA/verification/harnesses/spi_utils_harness.cpp line 88 column 5 function f_buf_to_u16_total
Unwinding loop 5 iteration 1   file /Users/user/OpenSMA/verification/harnesses/spi_utils_harness.cpp line 97 column 5 function f_buf_to_u32_total
Unwinding loop 5 iteration 2   file /Users/user/OpenSMA/verification/harnesses/spi_utils_harness.cpp line 97 column 5 function f_buf_to_u32_total
Not unwinding loop 5 iteration 3   file /Users/user/OpenSMA/verification/harnesses/spi_utils_harness.cpp line 97 column 5 function f_buf_to_u32_total
Unwinding loop 6 iteration 1   file /Users/user/OpenSMA/verification/harnesses/spi_utils_harness.cpp line 162 column 5 function f_oob_idx_no_write
Unwinding loop 6 iteration 2   file /Users/user/OpenSMA/verification/harnesses/spi_utils_harness.cpp line 162 column 5 function f_oob_idx_no_write
Not unwinding loop 6 iteration 3   file /Users/user/OpenSMA/verification/harnesses/spi_utils_harness.cpp line 162 column 5 function f_oob_idx_no_write
Symex completed in: 0.054s (358 assignments)
Slicing time: 0.002s (removed 164 assignments)
Generated 236 VCC(s), 48 remaining after simplification (194 assignments)
No solver specified; defaulting to bitwuzla
Encoding remaining VCC(s) using bit-vector/floating-point arithmetic
Encoding to solver time: 0.006s
Solving with solver Bitwuzla 0.8.2
Runtime decision procedure: 0.014s
BMC program time: 0.078s
No bug has been found in the base case
Checking forward condition, k = 3
Starting Bounded Model Checking
Unwinding loop 4 iteration 1   file /Users/user/OpenSMA/verification/harnesses/spi_utils_harness.cpp line 88 column 5 function f_buf_to_u16_total
Unwinding loop 4 iteration 2   file /Users/user/OpenSMA/verification/harnesses/spi_utils_harness.cpp line 88 column 5 function f_buf_to_u16_total
Not unwinding loop 4 iteration 3   file /Users/user/OpenSMA/verification/harnesses/spi_utils_harness.cpp line 88 column 5 function f_buf_to_u16_total
Unwinding loop 5 iteration 1   file /Users/user/OpenSMA/verification/harnesses/spi_utils_harness.cpp line 97 column 5 function f_buf_to_u32_total
Unwinding loop 5 iteration 2   file /Users/user/OpenSMA/verification/harnesses/spi_utils_harness.cpp line 97 column 5 function f_buf_to_u32_total
Not unwinding loop 5 iteration 3   file /Users/user/OpenSMA/verification/harnesses/spi_utils_harness.cpp line 97 column 5 function f_buf_to_u32_total
Unwinding loop 6 iteration 1   file /Users/user/OpenSMA/verification/harnesses/spi_utils_harness.cpp line 162 column 5 function f_oob_idx_no_write
Unwinding loop 6 iteration 2   file /Users/user/OpenSMA/verification/harnesses/spi_utils_harness.cpp line 162 column 5 function f_oob_idx_no_write
Not unwinding loop 6 iteration 3   file /Users/user/OpenSMA/verification/harnesses/spi_utils_harness.cpp line 162 column 5 function f_oob_idx_no_write
Symex completed in: 0.050s (344 assignments)
Slicing time: 0.002s (removed 194 assignments)
Generated 219 VCC(s), 37 remaining after simplification (150 assignments)
No solver specified; defaulting to bitwuzla
Encoding remaining VCC(s) using bit-vector/floating-point arithmetic
Encoding to solver time: 0.005s
Solving with solver Bitwuzla 0.8.2
Runtime decision procedure: 0.008s
The forward condition is unable to prove the property
Checking base case, k = 4
Starting Bounded Model Checking
Unwinding loop 4 iteration 1   file /Users/user/OpenSMA/verification/harnesses/spi_utils_harness.cpp line 88 column 5 function f_buf_to_u16_total
Unwinding loop 4 iteration 2   file /Users/user/OpenSMA/verification/harnesses/spi_utils_harness.cpp line 88 column 5 function f_buf_to_u16_total
Unwinding loop 4 iteration 3   file /Users/user/OpenSMA/verification/harnesses/spi_utils_harness.cpp line 88 column 5 function f_buf_to_u16_total
Not unwinding loop 4 iteration 4   file /Users/user/OpenSMA/verification/harnesses/spi_utils_harness.cpp line 88 column 5 function f_buf_to_u16_total
Unwinding loop 5 iteration 1   file /Users/user/OpenSMA/verification/harnesses/spi_utils_harness.cpp line 97 column 5 function f_buf_to_u32_total
Unwinding loop 5 iteration 2   file /Users/user/OpenSMA/verification/harnesses/spi_utils_harness.cpp line 97 column 5 function f_buf_to_u32_total
Unwinding loop 5 iteration 3   file /Users/user/OpenSMA/verification/harnesses/spi_utils_harness.cpp line 97 column 5 function f_buf_to_u32_total
Not unwinding loop 5 iteration 4   file /Users/user/OpenSMA/verification/harnesses/spi_utils_harness.cpp line 97 column 5 function f_buf_to_u32_total
Unwinding loop 6 iteration 1   file /Users/user/OpenSMA/verification/harnesses/spi_utils_harness.cpp line 162 column 5 function f_oob_idx_no_write
Unwinding loop 6 iteration 2   file /Users/user/OpenSMA/verification/harnesses/spi_utils_harness.cpp line 162 column 5 function f_oob_idx_no_write
Unwinding loop 6 iteration 3   file /Users/user/OpenSMA/verification/harnesses/spi_utils_harness.cpp line 162 column 5 function f_oob_idx_no_write
Not unwinding loop 6 iteration 4   file /Users/user/OpenSMA/verification/harnesses/spi_utils_harness.cpp line 162 column 5 function f_oob_idx_no_write
Symex completed in: 0.054s (364 assignments)
Slicing time: 0.002s (removed 170 assignments)
Generated 242 VCC(s), 48 remaining after simplification (194 assignments)
No solver specified; defaulting to bitwuzla
Encoding remaining VCC(s) using bit-vector/floating-point arithmetic
Encoding to solver time: 0.006s
Solving with solver Bitwuzla 0.8.2
Runtime decision procedure: 0.014s
BMC program time: 0.077s
No bug has been found in the base case
Checking forward condition, k = 4
Starting Bounded Model Checking
Unwinding loop 4 iteration 1   file /Users/user/OpenSMA/verification/harnesses/spi_utils_harness.cpp line 88 column 5 function f_buf_to_u16_total
Unwinding loop 4 iteration 2   file /Users/user/OpenSMA/verification/harnesses/spi_utils_harness.cpp line 88 column 5 function f_buf_to_u16_total
Unwinding loop 4 iteration 3   file /Users/user/OpenSMA/verification/harnesses/spi_utils_harness.cpp line 88 column 5 function f_buf_to_u16_total
Not unwinding loop 4 iteration 4   file /Users/user/OpenSMA/verification/harnesses/spi_utils_harness.cpp line 88 column 5 function f_buf_to_u16_total
Unwinding loop 5 iteration 1   file /Users/user/OpenSMA/verification/harnesses/spi_utils_harness.cpp line 97 column 5 function f_buf_to_u32_total
Unwinding loop 5 iteration 2   file /Users/user/OpenSMA/verification/harnesses/spi_utils_harness.cpp line 97 column 5 function f_buf_to_u32_total
Unwinding loop 5 iteration 3   file /Users/user/OpenSMA/verification/harnesses/spi_utils_harness.cpp line 97 column 5 function f_buf_to_u32_total
Not unwinding loop 5 iteration 4   file /Users/user/OpenSMA/verification/harnesses/spi_utils_harness.cpp line 97 column 5 function f_buf_to_u32_total
Unwinding loop 6 iteration 1   file /Users/user/OpenSMA/verification/harnesses/spi_utils_harness.cpp line 162 column 5 function f_oob_idx_no_write
Unwinding loop 6 iteration 2   file /Users/user/OpenSMA/verification/harnesses/spi_utils_harness.cpp line 162 column 5 function f_oob_idx_no_write
Unwinding loop 6 iteration 3   file /Users/user/OpenSMA/verification/harnesses/spi_utils_harness.cpp line 162 column 5 function f_oob_idx_no_write
Not unwinding loop 6 iteration 4   file /Users/user/OpenSMA/verification/harnesses/spi_utils_harness.cpp line 162 column 5 function f_oob_idx_no_write
Symex completed in: 0.050s (350 assignments)
Slicing time: 0.002s (removed 200 assignments)
Generated 225 VCC(s), 37 remaining after simplification (150 assignments)
No solver specified; defaulting to bitwuzla
Encoding remaining VCC(s) using bit-vector/floating-point arithmetic
Encoding to solver time: 0.005s
Solving with solver Bitwuzla 0.8.2
Runtime decision procedure: 0.008s
The forward condition is unable to prove the property
Checking base case, k = 5
Starting Bounded Model Checking
Unwinding loop 4 iteration 1   file /Users/user/OpenSMA/verification/harnesses/spi_utils_harness.cpp line 88 column 5 function f_buf_to_u16_total
Unwinding loop 4 iteration 2   file /Users/user/OpenSMA/verification/harnesses/spi_utils_harness.cpp line 88 column 5 function f_buf_to_u16_total
Unwinding loop 4 iteration 3   file /Users/user/OpenSMA/verification/harnesses/spi_utils_harness.cpp line 88 column 5 function f_buf_to_u16_total
Unwinding loop 4 iteration 4   file /Users/user/OpenSMA/verification/harnesses/spi_utils_harness.cpp line 88 column 5 function f_buf_to_u16_total
Not unwinding loop 4 iteration 5   file /Users/user/OpenSMA/verification/harnesses/spi_utils_harness.cpp line 88 column 5 function f_buf_to_u16_total
Unwinding loop 5 iteration 1   file /Users/user/OpenSMA/verification/harnesses/spi_utils_harness.cpp line 97 column 5 function f_buf_to_u32_total
Unwinding loop 5 iteration 2   file /Users/user/OpenSMA/verification/harnesses/spi_utils_harness.cpp line 97 column 5 function f_buf_to_u32_total
Unwinding loop 5 iteration 3   file /Users/user/OpenSMA/verification/harnesses/spi_utils_harness.cpp line 97 column 5 function f_buf_to_u32_total
Unwinding loop 5 iteration 4   file /Users/user/OpenSMA/verification/harnesses/spi_utils_harness.cpp line 97 column 5 function f_buf_to_u32_total
Not unwinding loop 5 iteration 5   file /Users/user/OpenSMA/verification/harnesses/spi_utils_harness.cpp line 97 column 5 function f_buf_to_u32_total
Unwinding loop 6 iteration 1   file /Users/user/OpenSMA/verification/harnesses/spi_utils_harness.cpp line 162 column 5 function f_oob_idx_no_write
Unwinding loop 6 iteration 2   file /Users/user/OpenSMA/verification/harnesses/spi_utils_harness.cpp line 162 column 5 function f_oob_idx_no_write
Unwinding loop 6 iteration 3   file /Users/user/OpenSMA/verification/harnesses/spi_utils_harness.cpp line 162 column 5 function f_oob_idx_no_write
Unwinding loop 6 iteration 4   file /Users/user/OpenSMA/verification/harnesses/spi_utils_harness.cpp line 162 column 5 function f_oob_idx_no_write
Not unwinding loop 6 iteration 5   file /Users/user/OpenSMA/verification/harnesses/spi_utils_harness.cpp line 162 column 5 function f_oob_idx_no_write
Symex completed in: 0.054s (370 assignments)
Slicing time: 0.002s (removed 176 assignments)
Generated 248 VCC(s), 48 remaining after simplification (194 assignments)
No solver specified; defaulting to bitwuzla
Encoding remaining VCC(s) using bit-vector/floating-point arithmetic
Encoding to solver time: 0.007s
Solving with solver Bitwuzla 0.8.2
Runtime decision procedure: 0.015s
BMC program time: 0.078s
No bug has been found in the base case
Checking forward condition, k = 5
Starting Bounded Model Checking
Unwinding loop 4 iteration 1   file /Users/user/OpenSMA/verification/harnesses/spi_utils_harness.cpp line 88 column 5 function f_buf_to_u16_total
Unwinding loop 4 iteration 2   file /Users/user/OpenSMA/verification/harnesses/spi_utils_harness.cpp line 88 column 5 function f_buf_to_u16_total
Unwinding loop 4 iteration 3   file /Users/user/OpenSMA/verification/harnesses/spi_utils_harness.cpp line 88 column 5 function f_buf_to_u16_total
Unwinding loop 4 iteration 4   file /Users/user/OpenSMA/verification/harnesses/spi_utils_harness.cpp line 88 column 5 function f_buf_to_u16_total
Not unwinding loop 4 iteration 5   file /Users/user/OpenSMA/verification/harnesses/spi_utils_harness.cpp line 88 column 5 function f_buf_to_u16_total
Unwinding loop 5 iteration 1   file /Users/user/OpenSMA/verification/harnesses/spi_utils_harness.cpp line 97 column 5 function f_buf_to_u32_total
Unwinding loop 5 iteration 2   file /Users/user/OpenSMA/verification/harnesses/spi_utils_harness.cpp line 97 column 5 function f_buf_to_u32_total
Unwinding loop 5 iteration 3   file /Users/user/OpenSMA/verification/harnesses/spi_utils_harness.cpp line 97 column 5 function f_buf_to_u32_total
Unwinding loop 5 iteration 4   file /Users/user/OpenSMA/verification/harnesses/spi_utils_harness.cpp line 97 column 5 function f_buf_to_u32_total
Not unwinding loop 5 iteration 5   file /Users/user/OpenSMA/verification/harnesses/spi_utils_harness.cpp line 97 column 5 function f_buf_to_u32_total
Unwinding loop 6 iteration 1   file /Users/user/OpenSMA/verification/harnesses/spi_utils_harness.cpp line 162 column 5 function f_oob_idx_no_write
Unwinding loop 6 iteration 2   file /Users/user/OpenSMA/verification/harnesses/spi_utils_harness.cpp line 162 column 5 function f_oob_idx_no_write
Unwinding loop 6 iteration 3   file /Users/user/OpenSMA/verification/harnesses/spi_utils_harness.cpp line 162 column 5 function f_oob_idx_no_write
Unwinding loop 6 iteration 4   file /Users/user/OpenSMA/verification/harnesses/spi_utils_harness.cpp line 162 column 5 function f_oob_idx_no_write
Not unwinding loop 6 iteration 5   file /Users/user/OpenSMA/verification/harnesses/spi_utils_harness.cpp line 162 column 5 function f_oob_idx_no_write
Symex completed in: 0.050s (356 assignments)
Slicing time: 0.002s (removed 206 assignments)
Generated 231 VCC(s), 37 remaining after simplification (150 assignments)
No solver specified; defaulting to bitwuzla
Encoding remaining VCC(s) using bit-vector/floating-point arithmetic
Encoding to solver time: 0.005s
Solving with solver Bitwuzla 0.8.2
Runtime decision procedure: 0.008s
The forward condition is unable to prove the property
Checking base case, k = 6
Starting Bounded Model Checking
Unwinding loop 4 iteration 1   file /Users/user/OpenSMA/verification/harnesses/spi_utils_harness.cpp line 88 column 5 function f_buf_to_u16_total
Unwinding loop 4 iteration 2   file /Users/user/OpenSMA/verification/harnesses/spi_utils_harness.cpp line 88 column 5 function f_buf_to_u16_total
Unwinding loop 4 iteration 3   file /Users/user/OpenSMA/verification/harnesses/spi_utils_harness.cpp line 88 column 5 function f_buf_to_u16_total
Unwinding loop 4 iteration 4   file /Users/user/OpenSMA/verification/harnesses/spi_utils_harness.cpp line 88 column 5 function f_buf_to_u16_total
Unwinding loop 4 iteration 5   file /Users/user/OpenSMA/verification/harnesses/spi_utils_harness.cpp line 88 column 5 function f_buf_to_u16_total
Not unwinding loop 4 iteration 6   file /Users/user/OpenSMA/verification/harnesses/spi_utils_harness.cpp line 88 column 5 function f_buf_to_u16_total
Unwinding loop 5 iteration 1   file /Users/user/OpenSMA/verification/harnesses/spi_utils_harness.cpp line 97 column 5 function f_buf_to_u32_total
Unwinding loop 5 iteration 2   file /Users/user/OpenSMA/verification/harnesses/spi_utils_harness.cpp line 97 column 5 function f_buf_to_u32_total
Unwinding loop 5 iteration 3   file /Users/user/OpenSMA/verification/harnesses/spi_utils_harness.cpp line 97 column 5 function f_buf_to_u32_total
Unwinding loop 5 iteration 4   file /Users/user/OpenSMA/verification/harnesses/spi_utils_harness.cpp line 97 column 5 function f_buf_to_u32_total
Unwinding loop 5 iteration 5   file /Users/user/OpenSMA/verification/harnesses/spi_utils_harness.cpp line 97 column 5 function f_buf_to_u32_total
Not unwinding loop 5 iteration 6   file /Users/user/OpenSMA/verification/harnesses/spi_utils_harness.cpp line 97 column 5 function f_buf_to_u32_total
Unwinding loop 6 iteration 1   file /Users/user/OpenSMA/verification/harnesses/spi_utils_harness.cpp line 162 column 5 function f_oob_idx_no_write
Unwinding loop 6 iteration 2   file /Users/user/OpenSMA/verification/harnesses/spi_utils_harness.cpp line 162 column 5 function f_oob_idx_no_write
Unwinding loop 6 iteration 3   file /Users/user/OpenSMA/verification/harnesses/spi_utils_harness.cpp line 162 column 5 function f_oob_idx_no_write
Unwinding loop 6 iteration 4   file /Users/user/OpenSMA/verification/harnesses/spi_utils_harness.cpp line 162 column 5 function f_oob_idx_no_write
Unwinding loop 6 iteration 5   file /Users/user/OpenSMA/verification/harnesses/spi_utils_harness.cpp line 162 column 5 function f_oob_idx_no_write
Not unwinding loop 6 iteration 6   file /Users/user/OpenSMA/verification/harnesses/spi_utils_harness.cpp line 162 column 5 function f_oob_idx_no_write
Symex completed in: 0.052s (376 assignments)
Slicing time: 0.002s (removed 182 assignments)
Generated 254 VCC(s), 48 remaining after simplification (194 assignments)
No solver specified; defaulting to bitwuzla
Encoding remaining VCC(s) using bit-vector/floating-point arithmetic
Encoding to solver time: 0.006s
Solving with solver Bitwuzla 0.8.2
Runtime decision procedure: 0.014s
BMC program time: 0.075s
No bug has been found in the base case
Checking forward condition, k = 6
Starting Bounded Model Checking
Unwinding loop 4 iteration 1   file /Users/user/OpenSMA/verification/harnesses/spi_utils_harness.cpp line 88 column 5 function f_buf_to_u16_total
Unwinding loop 4 iteration 2   file /Users/user/OpenSMA/verification/harnesses/spi_utils_harness.cpp line 88 column 5 function f_buf_to_u16_total
Unwinding loop 4 iteration 3   file /Users/user/OpenSMA/verification/harnesses/spi_utils_harness.cpp line 88 column 5 function f_buf_to_u16_total
Unwinding loop 4 iteration 4   file /Users/user/OpenSMA/verification/harnesses/spi_utils_harness.cpp line 88 column 5 function f_buf_to_u16_total
Unwinding loop 4 iteration 5   file /Users/user/OpenSMA/verification/harnesses/spi_utils_harness.cpp line 88 column 5 function f_buf_to_u16_total
Not unwinding loop 4 iteration 6   file /Users/user/OpenSMA/verification/harnesses/spi_utils_harness.cpp line 88 column 5 function f_buf_to_u16_total
Unwinding loop 5 iteration 1   file /Users/user/OpenSMA/verification/harnesses/spi_utils_harness.cpp line 97 column 5 function f_buf_to_u32_total
Unwinding loop 5 iteration 2   file /Users/user/OpenSMA/verification/harnesses/spi_utils_harness.cpp line 97 column 5 function f_buf_to_u32_total
Unwinding loop 5 iteration 3   file /Users/user/OpenSMA/verification/harnesses/spi_utils_harness.cpp line 97 column 5 function f_buf_to_u32_total
Unwinding loop 5 iteration 4   file /Users/user/OpenSMA/verification/harnesses/spi_utils_harness.cpp line 97 column 5 function f_buf_to_u32_total
Unwinding loop 5 iteration 5   file /Users/user/OpenSMA/verification/harnesses/spi_utils_harness.cpp line 97 column 5 function f_buf_to_u32_total
Not unwinding loop 5 iteration 6   file /Users/user/OpenSMA/verification/harnesses/spi_utils_harness.cpp line 97 column 5 function f_buf_to_u32_total
Unwinding loop 6 iteration 1   file /Users/user/OpenSMA/verification/harnesses/spi_utils_harness.cpp line 162 column 5 function f_oob_idx_no_write
Unwinding loop 6 iteration 2   file /Users/user/OpenSMA/verification/harnesses/spi_utils_harness.cpp line 162 column 5 function f_oob_idx_no_write
Unwinding loop 6 iteration 3   file /Users/user/OpenSMA/verification/harnesses/spi_utils_harness.cpp line 162 column 5 function f_oob_idx_no_write
Unwinding loop 6 iteration 4   file /Users/user/OpenSMA/verification/harnesses/spi_utils_harness.cpp line 162 column 5 function f_oob_idx_no_write
Unwinding loop 6 iteration 5   file /Users/user/OpenSMA/verification/harnesses/spi_utils_harness.cpp line 162 column 5 function f_oob_idx_no_write
Not unwinding loop 6 iteration 6   file /Users/user/OpenSMA/verification/harnesses/spi_utils_harness.cpp line 162 column 5 function f_oob_idx_no_write
Symex completed in: 0.049s (362 assignments)
Slicing time: 0.002s (removed 212 assignments)
Generated 237 VCC(s), 37 remaining after simplification (150 assignments)
No solver specified; defaulting to bitwuzla
Encoding remaining VCC(s) using bit-vector/floating-point arithmetic
Encoding to solver time: 0.004s
Solving with solver Bitwuzla 0.8.2
Runtime decision procedure: 0.008s
The forward condition is unable to prove the property
Checking base case, k = 7
Starting Bounded Model Checking
Unwinding loop 4 iteration 1   file /Users/user/OpenSMA/verification/harnesses/spi_utils_harness.cpp line 88 column 5 function f_buf_to_u16_total
Unwinding loop 4 iteration 2   file /Users/user/OpenSMA/verification/harnesses/spi_utils_harness.cpp line 88 column 5 function f_buf_to_u16_total
Unwinding loop 4 iteration 3   file /Users/user/OpenSMA/verification/harnesses/spi_utils_harness.cpp line 88 column 5 function f_buf_to_u16_total
Unwinding loop 4 iteration 4   file /Users/user/OpenSMA/verification/harnesses/spi_utils_harness.cpp line 88 column 5 function f_buf_to_u16_total
Unwinding loop 4 iteration 5   file /Users/user/OpenSMA/verification/harnesses/spi_utils_harness.cpp line 88 column 5 function f_buf_to_u16_total
Unwinding loop 4 iteration 6   file /Users/user/OpenSMA/verification/harnesses/spi_utils_harness.cpp line 88 column 5 function f_buf_to_u16_total
Not unwinding loop 4 iteration 7   file /Users/user/OpenSMA/verification/harnesses/spi_utils_harness.cpp line 88 column 5 function f_buf_to_u16_total
Unwinding loop 5 iteration 1   file /Users/user/OpenSMA/verification/harnesses/spi_utils_harness.cpp line 97 column 5 function f_buf_to_u32_total
Unwinding loop 5 iteration 2   file /Users/user/OpenSMA/verification/harnesses/spi_utils_harness.cpp line 97 column 5 function f_buf_to_u32_total
Unwinding loop 5 iteration 3   file /Users/user/OpenSMA/verification/harnesses/spi_utils_harness.cpp line 97 column 5 function f_buf_to_u32_total
Unwinding loop 5 iteration 4   file /Users/user/OpenSMA/verification/harnesses/spi_utils_harness.cpp line 97 column 5 function f_buf_to_u32_total
Unwinding loop 5 iteration 5   file /Users/user/OpenSMA/verification/harnesses/spi_utils_harness.cpp line 97 column 5 function f_buf_to_u32_total
Unwinding loop 5 iteration 6   file /Users/user/OpenSMA/verification/harnesses/spi_utils_harness.cpp line 97 column 5 function f_buf_to_u32_total
Not unwinding loop 5 iteration 7   file /Users/user/OpenSMA/verification/harnesses/spi_utils_harness.cpp line 97 column 5 function f_buf_to_u32_total
Unwinding loop 6 iteration 1   file /Users/user/OpenSMA/verification/harnesses/spi_utils_harness.cpp line 162 column 5 function f_oob_idx_no_write
Unwinding loop 6 iteration 2   file /Users/user/OpenSMA/verification/harnesses/spi_utils_harness.cpp line 162 column 5 function f_oob_idx_no_write
Unwinding loop 6 iteration 3   file /Users/user/OpenSMA/verification/harnesses/spi_utils_harness.cpp line 162 column 5 function f_oob_idx_no_write
Unwinding loop 6 iteration 4   file /Users/user/OpenSMA/verification/harnesses/spi_utils_harness.cpp line 162 column 5 function f_oob_idx_no_write
Unwinding loop 6 iteration 5   file /Users/user/OpenSMA/verification/harnesses/spi_utils_harness.cpp line 162 column 5 function f_oob_idx_no_write
Unwinding loop 6 iteration 6   file /Users/user/OpenSMA/verification/harnesses/spi_utils_harness.cpp line 162 column 5 function f_oob_idx_no_write
Not unwinding loop 6 iteration 7   file /Users/user/OpenSMA/verification/harnesses/spi_utils_harness.cpp line 162 column 5 function f_oob_idx_no_write
Symex completed in: 0.054s (382 assignments)
Slicing time: 0.003s (removed 188 assignments)
Generated 260 VCC(s), 48 remaining after simplification (194 assignments)
No solver specified; defaulting to bitwuzla
Encoding remaining VCC(s) using bit-vector/floating-point arithmetic
Encoding to solver time: 0.007s
Solving with solver Bitwuzla 0.8.2
Runtime decision procedure: 0.014s
BMC program time: 0.078s
No bug has been found in the base case
Checking forward condition, k = 7
Starting Bounded Model Checking
Unwinding loop 4 iteration 1   file /Users/user/OpenSMA/verification/harnesses/spi_utils_harness.cpp line 88 column 5 function f_buf_to_u16_total
Unwinding loop 4 iteration 2   file /Users/user/OpenSMA/verification/harnesses/spi_utils_harness.cpp line 88 column 5 function f_buf_to_u16_total
Unwinding loop 4 iteration 3   file /Users/user/OpenSMA/verification/harnesses/spi_utils_harness.cpp line 88 column 5 function f_buf_to_u16_total
Unwinding loop 4 iteration 4   file /Users/user/OpenSMA/verification/harnesses/spi_utils_harness.cpp line 88 column 5 function f_buf_to_u16_total
Unwinding loop 4 iteration 5   file /Users/user/OpenSMA/verification/harnesses/spi_utils_harness.cpp line 88 column 5 function f_buf_to_u16_total
Unwinding loop 4 iteration 6   file /Users/user/OpenSMA/verification/harnesses/spi_utils_harness.cpp line 88 column 5 function f_buf_to_u16_total
Not unwinding loop 4 iteration 7   file /Users/user/OpenSMA/verification/harnesses/spi_utils_harness.cpp line 88 column 5 function f_buf_to_u16_total
Unwinding loop 5 iteration 1   file /Users/user/OpenSMA/verification/harnesses/spi_utils_harness.cpp line 97 column 5 function f_buf_to_u32_total
Unwinding loop 5 iteration 2   file /Users/user/OpenSMA/verification/harnesses/spi_utils_harness.cpp line 97 column 5 function f_buf_to_u32_total
Unwinding loop 5 iteration 3   file /Users/user/OpenSMA/verification/harnesses/spi_utils_harness.cpp line 97 column 5 function f_buf_to_u32_total
Unwinding loop 5 iteration 4   file /Users/user/OpenSMA/verification/harnesses/spi_utils_harness.cpp line 97 column 5 function f_buf_to_u32_total
Unwinding loop 5 iteration 5   file /Users/user/OpenSMA/verification/harnesses/spi_utils_harness.cpp line 97 column 5 function f_buf_to_u32_total
Unwinding loop 5 iteration 6   file /Users/user/OpenSMA/verification/harnesses/spi_utils_harness.cpp line 97 column 5 function f_buf_to_u32_total
Not unwinding loop 5 iteration 7   file /Users/user/OpenSMA/verification/harnesses/spi_utils_harness.cpp line 97 column 5 function f_buf_to_u32_total
Unwinding loop 6 iteration 1   file /Users/user/OpenSMA/verification/harnesses/spi_utils_harness.cpp line 162 column 5 function f_oob_idx_no_write
Unwinding loop 6 iteration 2   file /Users/user/OpenSMA/verification/harnesses/spi_utils_harness.cpp line 162 column 5 function f_oob_idx_no_write
Unwinding loop 6 iteration 3   file /Users/user/OpenSMA/verification/harnesses/spi_utils_harness.cpp line 162 column 5 function f_oob_idx_no_write
Unwinding loop 6 iteration 4   file /Users/user/OpenSMA/verification/harnesses/spi_utils_harness.cpp line 162 column 5 function f_oob_idx_no_write
Unwinding loop 6 iteration 5   file /Users/user/OpenSMA/verification/harnesses/spi_utils_harness.cpp line 162 column 5 function f_oob_idx_no_write
Unwinding loop 6 iteration 6   file /Users/user/OpenSMA/verification/harnesses/spi_utils_harness.cpp line 162 column 5 function f_oob_idx_no_write
Not unwinding loop 6 iteration 7   file /Users/user/OpenSMA/verification/harnesses/spi_utils_harness.cpp line 162 column 5 function f_oob_idx_no_write
Symex completed in: 0.053s (368 assignments)
Slicing time: 0.003s (removed 218 assignments)
Generated 243 VCC(s), 37 remaining after simplification (150 assignments)
No solver specified; defaulting to bitwuzla
Encoding remaining VCC(s) using bit-vector/floating-point arithmetic
Encoding to solver time: 0.005s
Solving with solver Bitwuzla 0.8.2
Runtime decision procedure: 0.008s
The forward condition is unable to prove the property
Checking base case, k = 8
Starting Bounded Model Checking
Unwinding loop 4 iteration 1   file /Users/user/OpenSMA/verification/harnesses/spi_utils_harness.cpp line 88 column 5 function f_buf_to_u16_total
Unwinding loop 4 iteration 2   file /Users/user/OpenSMA/verification/harnesses/spi_utils_harness.cpp line 88 column 5 function f_buf_to_u16_total
Unwinding loop 4 iteration 3   file /Users/user/OpenSMA/verification/harnesses/spi_utils_harness.cpp line 88 column 5 function f_buf_to_u16_total
Unwinding loop 4 iteration 4   file /Users/user/OpenSMA/verification/harnesses/spi_utils_harness.cpp line 88 column 5 function f_buf_to_u16_total
Unwinding loop 4 iteration 5   file /Users/user/OpenSMA/verification/harnesses/spi_utils_harness.cpp line 88 column 5 function f_buf_to_u16_total
Unwinding loop 4 iteration 6   file /Users/user/OpenSMA/verification/harnesses/spi_utils_harness.cpp line 88 column 5 function f_buf_to_u16_total
Unwinding loop 4 iteration 7   file /Users/user/OpenSMA/verification/harnesses/spi_utils_harness.cpp line 88 column 5 function f_buf_to_u16_total
Not unwinding loop 4 iteration 8   file /Users/user/OpenSMA/verification/harnesses/spi_utils_harness.cpp line 88 column 5 function f_buf_to_u16_total
Unwinding loop 5 iteration 1   file /Users/user/OpenSMA/verification/harnesses/spi_utils_harness.cpp line 97 column 5 function f_buf_to_u32_total
Unwinding loop 5 iteration 2   file /Users/user/OpenSMA/verification/harnesses/spi_utils_harness.cpp line 97 column 5 function f_buf_to_u32_total
Unwinding loop 5 iteration 3   file /Users/user/OpenSMA/verification/harnesses/spi_utils_harness.cpp line 97 column 5 function f_buf_to_u32_total
Unwinding loop 5 iteration 4   file /Users/user/OpenSMA/verification/harnesses/spi_utils_harness.cpp line 97 column 5 function f_buf_to_u32_total
Unwinding loop 5 iteration 5   file /Users/user/OpenSMA/verification/harnesses/spi_utils_harness.cpp line 97 column 5 function f_buf_to_u32_total
Unwinding loop 5 iteration 6   file /Users/user/OpenSMA/verification/harnesses/spi_utils_harness.cpp line 97 column 5 function f_buf_to_u32_total
Unwinding loop 5 iteration 7   file /Users/user/OpenSMA/verification/harnesses/spi_utils_harness.cpp line 97 column 5 function f_buf_to_u32_total
Not unwinding loop 5 iteration 8   file /Users/user/OpenSMA/verification/harnesses/spi_utils_harness.cpp line 97 column 5 function f_buf_to_u32_total
Unwinding loop 6 iteration 1   file /Users/user/OpenSMA/verification/harnesses/spi_utils_harness.cpp line 162 column 5 function f_oob_idx_no_write
Unwinding loop 6 iteration 2   file /Users/user/OpenSMA/verification/harnesses/spi_utils_harness.cpp line 162 column 5 function f_oob_idx_no_write
Unwinding loop 6 iteration 3   file /Users/user/OpenSMA/verification/harnesses/spi_utils_harness.cpp line 162 column 5 function f_oob_idx_no_write
Unwinding loop 6 iteration 4   file /Users/user/OpenSMA/verification/harnesses/spi_utils_harness.cpp line 162 column 5 function f_oob_idx_no_write
Unwinding loop 6 iteration 5   file /Users/user/OpenSMA/verification/harnesses/spi_utils_harness.cpp line 162 column 5 function f_oob_idx_no_write
Unwinding loop 6 iteration 6   file /Users/user/OpenSMA/verification/harnesses/spi_utils_harness.cpp line 162 column 5 function f_oob_idx_no_write
Unwinding loop 6 iteration 7   file /Users/user/OpenSMA/verification/harnesses/spi_utils_harness.cpp line 162 column 5 function f_oob_idx_no_write
Not unwinding loop 6 iteration 8   file /Users/user/OpenSMA/verification/harnesses/spi_utils_harness.cpp line 162 column 5 function f_oob_idx_no_write
Symex completed in: 0.053s (388 assignments)
Slicing time: 0.003s (removed 194 assignments)
Generated 266 VCC(s), 48 remaining after simplification (194 assignments)
No solver specified; defaulting to bitwuzla
Encoding remaining VCC(s) using bit-vector/floating-point arithmetic
Encoding to solver time: 0.006s
Solving with solver Bitwuzla 0.8.2
Runtime decision procedure: 0.014s
BMC program time: 0.076s
No bug has been found in the base case
Checking forward condition, k = 8
Starting Bounded Model Checking
Unwinding loop 4 iteration 1   file /Users/user/OpenSMA/verification/harnesses/spi_utils_harness.cpp line 88 column 5 function f_buf_to_u16_total
Unwinding loop 4 iteration 2   file /Users/user/OpenSMA/verification/harnesses/spi_utils_harness.cpp line 88 column 5 function f_buf_to_u16_total
Unwinding loop 4 iteration 3   file /Users/user/OpenSMA/verification/harnesses/spi_utils_harness.cpp line 88 column 5 function f_buf_to_u16_total
Unwinding loop 4 iteration 4   file /Users/user/OpenSMA/verification/harnesses/spi_utils_harness.cpp line 88 column 5 function f_buf_to_u16_total
Unwinding loop 4 iteration 5   file /Users/user/OpenSMA/verification/harnesses/spi_utils_harness.cpp line 88 column 5 function f_buf_to_u16_total
Unwinding loop 4 iteration 6   file /Users/user/OpenSMA/verification/harnesses/spi_utils_harness.cpp line 88 column 5 function f_buf_to_u16_total
Unwinding loop 4 iteration 7   file /Users/user/OpenSMA/verification/harnesses/spi_utils_harness.cpp line 88 column 5 function f_buf_to_u16_total
Not unwinding loop 4 iteration 8   file /Users/user/OpenSMA/verification/harnesses/spi_utils_harness.cpp line 88 column 5 function f_buf_to_u16_total
Unwinding loop 5 iteration 1   file /Users/user/OpenSMA/verification/harnesses/spi_utils_harness.cpp line 97 column 5 function f_buf_to_u32_total
Unwinding loop 5 iteration 2   file /Users/user/OpenSMA/verification/harnesses/spi_utils_harness.cpp line 97 column 5 function f_buf_to_u32_total
Unwinding loop 5 iteration 3   file /Users/user/OpenSMA/verification/harnesses/spi_utils_harness.cpp line 97 column 5 function f_buf_to_u32_total
Unwinding loop 5 iteration 4   file /Users/user/OpenSMA/verification/harnesses/spi_utils_harness.cpp line 97 column 5 function f_buf_to_u32_total
Unwinding loop 5 iteration 5   file /Users/user/OpenSMA/verification/harnesses/spi_utils_harness.cpp line 97 column 5 function f_buf_to_u32_total
Unwinding loop 5 iteration 6   file /Users/user/OpenSMA/verification/harnesses/spi_utils_harness.cpp line 97 column 5 function f_buf_to_u32_total
Unwinding loop 5 iteration 7   file /Users/user/OpenSMA/verification/harnesses/spi_utils_harness.cpp line 97 column 5 function f_buf_to_u32_total
Not unwinding loop 5 iteration 8   file /Users/user/OpenSMA/verification/harnesses/spi_utils_harness.cpp line 97 column 5 function f_buf_to_u32_total
Unwinding loop 6 iteration 1   file /Users/user/OpenSMA/verification/harnesses/spi_utils_harness.cpp line 162 column 5 function f_oob_idx_no_write
Unwinding loop 6 iteration 2   file /Users/user/OpenSMA/verification/harnesses/spi_utils_harness.cpp line 162 column 5 function f_oob_idx_no_write
Unwinding loop 6 iteration 3   file /Users/user/OpenSMA/verification/harnesses/spi_utils_harness.cpp line 162 column 5 function f_oob_idx_no_write
Unwinding loop 6 iteration 4   file /Users/user/OpenSMA/verification/harnesses/spi_utils_harness.cpp line 162 column 5 function f_oob_idx_no_write
Unwinding loop 6 iteration 5   file /Users/user/OpenSMA/verification/harnesses/spi_utils_harness.cpp line 162 column 5 function f_oob_idx_no_write
Unwinding loop 6 iteration 6   file /Users/user/OpenSMA/verification/harnesses/spi_utils_harness.cpp line 162 column 5 function f_oob_idx_no_write
Unwinding loop 6 iteration 7   file /Users/user/OpenSMA/verification/harnesses/spi_utils_harness.cpp line 162 column 5 function f_oob_idx_no_write
Not unwinding loop 6 iteration 8   file /Users/user/OpenSMA/verification/harnesses/spi_utils_harness.cpp line 162 column 5 function f_oob_idx_no_write
Symex completed in: 0.046s (374 assignments)
Slicing time: 0.002s (removed 224 assignments)
Generated 249 VCC(s), 37 remaining after simplification (150 assignments)
No solver specified; defaulting to bitwuzla
Encoding remaining VCC(s) using bit-vector/floating-point arithmetic
Encoding to solver time: 0.005s
Solving with solver Bitwuzla 0.8.2
Runtime decision procedure: 0.007s
The forward condition is unable to prove the property
Checking base case, k = 9
Starting Bounded Model Checking
Unwinding loop 4 iteration 1   file /Users/user/OpenSMA/verification/harnesses/spi_utils_harness.cpp line 88 column 5 function f_buf_to_u16_total
Unwinding loop 4 iteration 2   file /Users/user/OpenSMA/verification/harnesses/spi_utils_harness.cpp line 88 column 5 function f_buf_to_u16_total
Unwinding loop 4 iteration 3   file /Users/user/OpenSMA/verification/harnesses/spi_utils_harness.cpp line 88 column 5 function f_buf_to_u16_total
Unwinding loop 4 iteration 4   file /Users/user/OpenSMA/verification/harnesses/spi_utils_harness.cpp line 88 column 5 function f_buf_to_u16_total
Unwinding loop 4 iteration 5   file /Users/user/OpenSMA/verification/harnesses/spi_utils_harness.cpp line 88 column 5 function f_buf_to_u16_total
Unwinding loop 4 iteration 6   file /Users/user/OpenSMA/verification/harnesses/spi_utils_harness.cpp line 88 column 5 function f_buf_to_u16_total
Unwinding loop 4 iteration 7   file /Users/user/OpenSMA/verification/harnesses/spi_utils_harness.cpp line 88 column 5 function f_buf_to_u16_total
Unwinding loop 4 iteration 8   file /Users/user/OpenSMA/verification/harnesses/spi_utils_harness.cpp line 88 column 5 function f_buf_to_u16_total
Unwinding loop 5 iteration 1   file /Users/user/OpenSMA/verification/harnesses/spi_utils_harness.cpp line 97 column 5 function f_buf_to_u32_total
Unwinding loop 5 iteration 2   file /Users/user/OpenSMA/verification/harnesses/spi_utils_harness.cpp line 97 column 5 function f_buf_to_u32_total
Unwinding loop 5 iteration 3   file /Users/user/OpenSMA/verification/harnesses/spi_utils_harness.cpp line 97 column 5 function f_buf_to_u32_total
Unwinding loop 5 iteration 4   file /Users/user/OpenSMA/verification/harnesses/spi_utils_harness.cpp line 97 column 5 function f_buf_to_u32_total
Unwinding loop 5 iteration 5   file /Users/user/OpenSMA/verification/harnesses/spi_utils_harness.cpp line 97 column 5 function f_buf_to_u32_total
Unwinding loop 5 iteration 6   file /Users/user/OpenSMA/verification/harnesses/spi_utils_harness.cpp line 97 column 5 function f_buf_to_u32_total
Unwinding loop 5 iteration 7   file /Users/user/OpenSMA/verification/harnesses/spi_utils_harness.cpp line 97 column 5 function f_buf_to_u32_total
Unwinding loop 5 iteration 8   file /Users/user/OpenSMA/verification/harnesses/spi_utils_harness.cpp line 97 column 5 function f_buf_to_u32_total
Unwinding loop 6 iteration 1   file /Users/user/OpenSMA/verification/harnesses/spi_utils_harness.cpp line 162 column 5 function f_oob_idx_no_write
Unwinding loop 6 iteration 2   file /Users/user/OpenSMA/verification/harnesses/spi_utils_harness.cpp line 162 column 5 function f_oob_idx_no_write
Unwinding loop 6 iteration 3   file /Users/user/OpenSMA/verification/harnesses/spi_utils_harness.cpp line 162 column 5 function f_oob_idx_no_write
Unwinding loop 6 iteration 4   file /Users/user/OpenSMA/verification/harnesses/spi_utils_harness.cpp line 162 column 5 function f_oob_idx_no_write
Unwinding loop 6 iteration 5   file /Users/user/OpenSMA/verification/harnesses/spi_utils_harness.cpp line 162 column 5 function f_oob_idx_no_write
Unwinding loop 6 iteration 6   file /Users/user/OpenSMA/verification/harnesses/spi_utils_harness.cpp line 162 column 5 function f_oob_idx_no_write
Unwinding loop 6 iteration 7   file /Users/user/OpenSMA/verification/harnesses/spi_utils_harness.cpp line 162 column 5 function f_oob_idx_no_write
Unwinding loop 6 iteration 8   file /Users/user/OpenSMA/verification/harnesses/spi_utils_harness.cpp line 162 column 5 function f_oob_idx_no_write
Unwinding loop 7 iteration 1   file /Users/user/OpenSMA/verification/harnesses/spi_utils_harness.cpp line 170 column 5 function f_oob_idx_no_write
Unwinding loop 7 iteration 2   file /Users/user/OpenSMA/verification/harnesses/spi_utils_harness.cpp line 170 column 5 function f_oob_idx_no_write
Unwinding loop 7 iteration 3   file /Users/user/OpenSMA/verification/harnesses/spi_utils_harness.cpp line 170 column 5 function f_oob_idx_no_write
Unwinding loop 7 iteration 4   file /Users/user/OpenSMA/verification/harnesses/spi_utils_harness.cpp line 170 column 5 function f_oob_idx_no_write
Unwinding loop 7 iteration 5   file /Users/user/OpenSMA/verification/harnesses/spi_utils_harness.cpp line 170 column 5 function f_oob_idx_no_write
Unwinding loop 7 iteration 6   file /Users/user/OpenSMA/verification/harnesses/spi_utils_harness.cpp line 170 column 5 function f_oob_idx_no_write
Unwinding loop 7 iteration 7   file /Users/user/OpenSMA/verification/harnesses/spi_utils_harness.cpp line 170 column 5 function f_oob_idx_no_write
Unwinding loop 7 iteration 8   file /Users/user/OpenSMA/verification/harnesses/spi_utils_harness.cpp line 170 column 5 function f_oob_idx_no_write
Symex completed in: 0.077s (551 assignments)
Slicing time: 0.003s (removed 268 assignments)
Generated 407 VCC(s), 73 remaining after simplification (283 assignments)
No solver specified; defaulting to bitwuzla
Encoding remaining VCC(s) using bit-vector/floating-point arithmetic
Encoding to solver time: 0.009s
Solving with solver Bitwuzla 0.8.2
Runtime decision procedure: 0.033s
BMC program time: 0.122s
No bug has been found in the base case
Checking forward condition, k = 9
Starting Bounded Model Checking
Unwinding loop 4 iteration 1   file /Users/user/OpenSMA/verification/harnesses/spi_utils_harness.cpp line 88 column 5 function f_buf_to_u16_total
Unwinding loop 4 iteration 2   file /Users/user/OpenSMA/verification/harnesses/spi_utils_harness.cpp line 88 column 5 function f_buf_to_u16_total
Unwinding loop 4 iteration 3   file /Users/user/OpenSMA/verification/harnesses/spi_utils_harness.cpp line 88 column 5 function f_buf_to_u16_total
Unwinding loop 4 iteration 4   file /Users/user/OpenSMA/verification/harnesses/spi_utils_harness.cpp line 88 column 5 function f_buf_to_u16_total
Unwinding loop 4 iteration 5   file /Users/user/OpenSMA/verification/harnesses/spi_utils_harness.cpp line 88 column 5 function f_buf_to_u16_total
Unwinding loop 4 iteration 6   file /Users/user/OpenSMA/verification/harnesses/spi_utils_harness.cpp line 88 column 5 function f_buf_to_u16_total
Unwinding loop 4 iteration 7   file /Users/user/OpenSMA/verification/harnesses/spi_utils_harness.cpp line 88 column 5 function f_buf_to_u16_total
Unwinding loop 4 iteration 8   file /Users/user/OpenSMA/verification/harnesses/spi_utils_harness.cpp line 88 column 5 function f_buf_to_u16_total
Unwinding loop 5 iteration 1   file /Users/user/OpenSMA/verification/harnesses/spi_utils_harness.cpp line 97 column 5 function f_buf_to_u32_total
Unwinding loop 5 iteration 2   file /Users/user/OpenSMA/verification/harnesses/spi_utils_harness.cpp line 97 column 5 function f_buf_to_u32_total
Unwinding loop 5 iteration 3   file /Users/user/OpenSMA/verification/harnesses/spi_utils_harness.cpp line 97 column 5 function f_buf_to_u32_total
Unwinding loop 5 iteration 4   file /Users/user/OpenSMA/verification/harnesses/spi_utils_harness.cpp line 97 column 5 function f_buf_to_u32_total
Unwinding loop 5 iteration 5   file /Users/user/OpenSMA/verification/harnesses/spi_utils_harness.cpp line 97 column 5 function f_buf_to_u32_total
Unwinding loop 5 iteration 6   file /Users/user/OpenSMA/verification/harnesses/spi_utils_harness.cpp line 97 column 5 function f_buf_to_u32_total
Unwinding loop 5 iteration 7   file /Users/user/OpenSMA/verification/harnesses/spi_utils_harness.cpp line 97 column 5 function f_buf_to_u32_total
Unwinding loop 5 iteration 8   file /Users/user/OpenSMA/verification/harnesses/spi_utils_harness.cpp line 97 column 5 function f_buf_to_u32_total
Unwinding loop 6 iteration 1   file /Users/user/OpenSMA/verification/harnesses/spi_utils_harness.cpp line 162 column 5 function f_oob_idx_no_write
Unwinding loop 6 iteration 2   file /Users/user/OpenSMA/verification/harnesses/spi_utils_harness.cpp line 162 column 5 function f_oob_idx_no_write
Unwinding loop 6 iteration 3   file /Users/user/OpenSMA/verification/harnesses/spi_utils_harness.cpp line 162 column 5 function f_oob_idx_no_write
Unwinding loop 6 iteration 4   file /Users/user/OpenSMA/verification/harnesses/spi_utils_harness.cpp line 162 column 5 function f_oob_idx_no_write
Unwinding loop 6 iteration 5   file /Users/user/OpenSMA/verification/harnesses/spi_utils_harness.cpp line 162 column 5 function f_oob_idx_no_write
Unwinding loop 6 iteration 6   file /Users/user/OpenSMA/verification/harnesses/spi_utils_harness.cpp line 162 column 5 function f_oob_idx_no_write
Unwinding loop 6 iteration 7   file /Users/user/OpenSMA/verification/harnesses/spi_utils_harness.cpp line 162 column 5 function f_oob_idx_no_write
Unwinding loop 6 iteration 8   file /Users/user/OpenSMA/verification/harnesses/spi_utils_harness.cpp line 162 column 5 function f_oob_idx_no_write
Unwinding loop 7 iteration 1   file /Users/user/OpenSMA/verification/harnesses/spi_utils_harness.cpp line 170 column 5 function f_oob_idx_no_write
Unwinding loop 7 iteration 2   file /Users/user/OpenSMA/verification/harnesses/spi_utils_harness.cpp line 170 column 5 function f_oob_idx_no_write
Unwinding loop 7 iteration 3   file /Users/user/OpenSMA/verification/harnesses/spi_utils_harness.cpp line 170 column 5 function f_oob_idx_no_write
Unwinding loop 7 iteration 4   file /Users/user/OpenSMA/verification/harnesses/spi_utils_harness.cpp line 170 column 5 function f_oob_idx_no_write
Unwinding loop 7 iteration 5   file /Users/user/OpenSMA/verification/harnesses/spi_utils_harness.cpp line 170 column 5 function f_oob_idx_no_write
Unwinding loop 7 iteration 6   file /Users/user/OpenSMA/verification/harnesses/spi_utils_harness.cpp line 170 column 5 function f_oob_idx_no_write
Unwinding loop 7 iteration 7   file /Users/user/OpenSMA/verification/harnesses/spi_utils_harness.cpp line 170 column 5 function f_oob_idx_no_write
Unwinding loop 7 iteration 8   file /Users/user/OpenSMA/verification/harnesses/spi_utils_harness.cpp line 170 column 5 function f_oob_idx_no_write
Symex completed in: 0.072s (529 assignments)
Slicing time: 0.003s (removed 305 assignments)
Generated 363 VCC(s), 51 remaining after simplification (224 assignments)
No solver specified; defaulting to bitwuzla
Encoding remaining VCC(s) using bit-vector/floating-point arithmetic
Encoding to solver time: 0.007s
Solving with solver Bitwuzla 0.8.2
Runtime decision procedure: 0.013s
BMC program time: 0.095s

VERIFICATION SUCCESSFUL

Solution found by the forward condition; all states are reachable (k = 9)
ESBMC version 8.2.0 64-bit aarch64 macos
