Target: 64-bit little-endian aarch64-unknown-macos with esbmclibc
Parsing /Users/user/NVIDIA-OpenSMA/verification/harnesses/tmp1075_harness.cpp
Parsing /Users/user/NVIDIA-OpenSMA/src/nv/i2c/tmp1075.cpp
Converting
Generating GOTO Program
GOTO program creation time: 0.510s
GOTO program processing time: 0.007s
Starting Bounded Model Checking
Symex completed in: 0.012s (210 assignments)
Caching time: 0.000s (removed 1 assertions)
Slicing time: 0.000s (removed 189 assignments)
Generated 33 VCC(s), 11 remaining after simplification (20 assignments)
No solver specified; defaulting to bitwuzla
Encoding remaining VCC(s) using bit-vector/floating-point arithmetic
Encoding to solver time: 0.000s
Solving with solver Bitwuzla 0.8.2
Runtime decision procedure: 0.000s
BMC program time: 0.013s

VERIFICATION SUCCESSFUL
ESBMC version 8.2.0 64-bit aarch64 macos
