Target: 64-bit little-endian aarch64-unknown-macos with esbmclibc
Parsing /Users/user/NVIDIA-OpenSMA/verification/harnesses/tmp461_harness.cpp
Parsing /Users/user/NVIDIA-OpenSMA/src/nv/i2c/tmp461.cpp
Converting
Generating GOTO Program
GOTO program creation time: 1.066s
GOTO program processing time: 0.008s
Starting Bounded Model Checking
Symex completed in: 0.016s (262 assignments)
Caching time: 0.000s (removed 1 assertions)
Slicing time: 0.001s (removed 229 assignments)
Generated 57 VCC(s), 17 remaining after simplification (32 assignments)
No solver specified; defaulting to bitwuzla
Encoding remaining VCC(s) using bit-vector/floating-point arithmetic
Encoding to solver time: 0.001s
Solving with solver Bitwuzla 0.8.2
Runtime decision procedure: 0.000s
BMC program time: 0.018s

VERIFICATION SUCCESSFUL
ESBMC version 8.2.0 64-bit aarch64 macos
