Target: 64-bit little-endian aarch64-unknown-macos with esbmclibc
Parsing /Users/user/OpenSMA/verification/harnesses/utils_negative_harness.cpp
Converting
Generating GOTO Program
GOTO program creation time: 0.409s
GOTO program processing time: 0.004s
Starting Bounded Model Checking
Symex completed in: 0.002s (54 assignments)
Caching time: 0.001s (removed 1 assertions)
Slicing time: 0.000s (removed 36 assignments)
Generated 9 VCC(s), 8 remaining after simplification (17 assignments)
No solver specified; defaulting to bitwuzla
Encoding remaining VCC(s) using bit-vector/floating-point arithmetic
Encoding to solver time: 0.001s
Solving with solver Bitwuzla 0.8.2
Runtime decision procedure: 0.000s
Building error trace

[Counterexample]


State 2 file /Users/user/OpenSMA/verification/harnesses/utils_negative_harness.cpp line 50 column 5 function main thread 0
----------------------------------------------------
  v = 2147483648 (10000000 00000000 00000000 00000000)

State 3 file /Users/user/OpenSMA/verification/harnesses/utils_negative_harness.cpp line 51 column 5 function main thread 0
----------------------------------------------------
  A = 2147483648 (10000000 00000000 00000000 00000000)

State 7 file /Users/user/OpenSMA/verification/harnesses/utils_negative_harness.cpp line 43 column 5 function align_to_buggy thread 0
----------------------------------------------------
Violated property:
  file /Users/user/OpenSMA/verification/harnesses/utils_negative_harness.cpp line 43 column 5 function align_to_buggy
  arithmetic overflow on add
  !overflow("+", value::0, alignment::1)


VERIFICATION FAILED
ESBMC version 8.2.0 64-bit aarch64 macos
