Target: 64-bit little-endian aarch64-unknown-macos with esbmclibc
Parsing /Users/user/OpenSMA/verification/harnesses/utils_harness.cpp
Converting
Generating GOTO Program
GOTO program creation time: 0.416s
Interval Analysis time: 0.007s
GOTO program processing time: 0.013s
Checking base case, k = 1
Starting Bounded Model Checking
Symex completed in: 0.007s (118 assignments)
Slicing time: 0.000s (removed 46 assignments)
Generated 12 VCC(s), 12 remaining after simplification (72 assignments)
No solver specified; defaulting to bitwuzla
Encoding remaining VCC(s) using bit-vector/floating-point arithmetic
Encoding to solver time: 0.001s
Solving with solver Bitwuzla 0.8.2
Runtime decision procedure: 425.191s
BMC program time: 425.200s
No bug has been found in the base case
Checking forward condition, k = 1
Starting Bounded Model Checking
Symex completed in: 0.006s (107 assignments)
Slicing time: 0.000s (removed 95 assignments)
Generated 1 VCC(s), 1 remaining after simplification (12 assignments)
No solver specified; defaulting to bitwuzla
Encoding remaining VCC(s) using bit-vector/floating-point arithmetic
Encoding to solver time: 0.000s
Solving with solver Bitwuzla 0.8.2
Runtime decision procedure: 0.000s
BMC program time: 0.007s

VERIFICATION SUCCESSFUL

Solution found by the forward condition; all states are reachable (k = 1)
ESBMC version 8.2.0 64-bit aarch64 macos
