Target: 64-bit little-endian aarch64-unknown-macos with esbmclibc
Parsing /Users/user/NVIDIA-OpenSMA/verification/harnesses/debug_telemetry_sma_harness.cpp
Converting
Generating GOTO Program
GOTO program creation time: 1.635s
Adding false assertions...
GOTO program processing time: 0.010s
Starting Bounded Model Checking
✓ PASSED: 'undefined behavior on shift operation shl' at file /Users/user/NVIDIA-OpenSMA/src/nv/soc_pwr_smoothing/debug_telemetry_sma_ch.h line 34 column 5
✓ PASSED: 'undefined behavior on shift operation ashr' at file /Users/user/NVIDIA-OpenSMA/src/nv/soc_pwr_smoothing/debug_telemetry_sma_ch.h line 53 column 9 function evaluate
✓ PASSED: 'undefined behavior on shift operation ashr' at file /Users/user/NVIDIA-OpenSMA/src/nv/soc_pwr_smoothing/debug_telemetry_sma_ch.h line 53 column 9 function evaluate
✓ PASSED: 'undefined behavior on shift operation ashr' at file /Users/user/NVIDIA-OpenSMA/src/nv/soc_pwr_smoothing/debug_telemetry_sma_ch.h line 53 column 9 function evaluate
Symex completed in: 0.049s (627 assignments)
Caching time: 0.004s (removed 30 assertions)
Slicing time: 0.002s (removed 506 assignments)
Generated 88 VCC(s), 54 remaining after simplification (91 assignments)
No solver specified; defaulting to bitwuzla
Slicing time: 0.000s (removed 24 assignments)
No solver specified; defaulting to bitwuzla
Encoding remaining VCC(s) using bit-vector/floating-point arithmetic
Encoding to solver time: 0.000s
Solving with solver Bitwuzla 0.8.2
Runtime decision procedure: 0.000s
Slicing time: 0.001s (removed 24 assignments)
No solver specified; defaulting to bitwuzla
Encoding remaining VCC(s) using bit-vector/floating-point arithmetic
Encoding to solver time: 0.000s
Solving with solver Bitwuzla 0.8.2
Runtime decision procedure: 0.000s
Slicing time: 0.001s (removed 16 assignments)
No solver specified; defaulting to bitwuzla
Encoding remaining VCC(s) using bit-vector/floating-point arithmetic
Encoding to solver time: 0.009s
Solving with solver Bitwuzla 0.8.2
Runtime decision procedure: 0.002s
Slicing time: 0.000s (removed 20 assignments)
No solver specified; defaulting to bitwuzla
Encoding remaining VCC(s) using bit-vector/floating-point arithmetic
Encoding to solver time: 0.002s
Solving with solver Bitwuzla 0.8.2
Runtime decision procedure: 0.002s
Slicing time: 0.000s (removed 23 assignments)
No solver specified; defaulting to bitwuzla
Encoding remaining VCC(s) using bit-vector/floating-point arithmetic
Encoding to solver time: 0.002s
Solving with solver Bitwuzla 0.8.2
Runtime decision procedure: 0.000s
Slicing time: 0.000s (removed 24 assignments)
No solver specified; defaulting to bitwuzla
Solving claim 'function entry: c:debug_telemetry_sma_harness.cpp@aN@F@f_output_nonneg# at file /Users/user/NVIDIA-OpenSMA/verification/harnesses/debug_telemetry_sma_harness.cpp line 84 column 5 function f_output_nonneg' with solver Bitwuzla 0.8.2
Encoding remaining VCC(s) using bit-vector/floating-point arithmetic
Encoding to solver time: 0.001s
Solving with solver Bitwuzla 0.8.2
Runtime decision procedure: 0.001s
✗ FAILED: 'function entry: c:debug_telemetry_sma_harness.cpp@aN@F@f_output_nonneg# at file /Users/user/NVIDIA-OpenSMA/verification/harnesses/debug_telemetry_sma_harness.cpp line 84 column 5 function f_output_nonneg'

[Counterexample]


State 1 file /Users/user/NVIDIA-OpenSMA/verification/harnesses/debug_telemetry_sma_harness.cpp line 84 column 5 function f_output_nonneg thread 0
----------------------------------------------------
Violated property:
  file /Users/user/NVIDIA-OpenSMA/verification/harnesses/debug_telemetry_sma_harness.cpp line 84 column 5 function f_output_nonneg
  function entry: c:debug_telemetry_sma_harness.cpp@aN@F@f_output_nonneg#
  0

Slicing time: 0.000s (removed 24 assignments)
No solver specified; defaulting to bitwuzla
Encoding remaining VCC(s) using bit-vector/floating-point arithmetic
Encoding to solver time: 0.001s
Solving with solver Bitwuzla 0.8.2
Runtime decision procedure: 0.000s
Slicing time: 0.000s (removed 16 assignments)
No solver specified; defaulting to bitwuzla
Encoding remaining VCC(s) using bit-vector/floating-point arithmetic
Encoding to solver time: 0.009s
Solving with solver Bitwuzla 0.8.2
Runtime decision procedure: 0.002s
Slicing time: 0.001s (removed 20 assignments)
No solver specified; defaulting to bitwuzla
Encoding remaining VCC(s) using bit-vector/floating-point arithmetic
Encoding to solver time: 0.002s
Solving with solver Bitwuzla 0.8.2
Runtime decision procedure: 0.001s
Slicing time: 0.000s (removed 23 assignments)
No solver specified; defaulting to bitwuzla
Encoding remaining VCC(s) using bit-vector/floating-point arithmetic
Encoding to solver time: 0.002s
Solving with solver Bitwuzla 0.8.2
Runtime decision procedure: 0.000s
Slicing time: 0.001s (removed 24 assignments)
No solver specified; defaulting to bitwuzla
Solving claim 'function entry: c:debug_telemetry_sma_harness.cpp@aN@F@f_index_bounded# at file /Users/user/NVIDIA-OpenSMA/verification/harnesses/debug_telemetry_sma_harness.cpp line 59 column 5 function f_index_bounded' with solver Bitwuzla 0.8.2
Encoding remaining VCC(s) using bit-vector/floating-point arithmetic
Encoding to solver time: 0.000s
Solving with solver Bitwuzla 0.8.2
Runtime decision procedure: 0.001s
✗ FAILED: 'function entry: c:debug_telemetry_sma_harness.cpp@aN@F@f_index_bounded# at file /Users/user/NVIDIA-OpenSMA/verification/harnesses/debug_telemetry_sma_harness.cpp line 59 column 5 function f_index_bounded'

[Counterexample]


State 1 file /Users/user/NVIDIA-OpenSMA/verification/harnesses/debug_telemetry_sma_harness.cpp line 59 column 5 function f_index_bounded thread 0
----------------------------------------------------
Violated property:
  file /Users/user/NVIDIA-OpenSMA/verification/harnesses/debug_telemetry_sma_harness.cpp line 59 column 5 function f_index_bounded
  function entry: c:debug_telemetry_sma_harness.cpp@aN@F@f_index_bounded#
  0

Slicing time: 0.000s (removed 24 assignments)
No solver specified; defaulting to bitwuzla
Encoding remaining VCC(s) using bit-vector/floating-point arithmetic
Encoding to solver time: 0.001s
Solving with solver Bitwuzla 0.8.2
Runtime decision procedure: 0.000s
Slicing time: 0.000s (removed 16 assignments)
No solver specified; defaulting to bitwuzla
Encoding remaining VCC(s) using bit-vector/floating-point arithmetic
Encoding to solver time: 0.009s
Solving with solver Bitwuzla 0.8.2
Runtime decision procedure: 0.002s
Slicing time: 0.001s (removed 20 assignments)
No solver specified; defaulting to bitwuzla
Encoding remaining VCC(s) using bit-vector/floating-point arithmetic
Encoding to solver time: 0.002s
Solving with solver Bitwuzla 0.8.2
Runtime decision procedure: 0.001s
Slicing time: 0.001s (removed 23 assignments)
No solver specified; defaulting to bitwuzla
Encoding remaining VCC(s) using bit-vector/floating-point arithmetic
Encoding to solver time: 0.002s
Solving with solver Bitwuzla 0.8.2
Runtime decision procedure: 0.000s
Slicing time: 0.000s (removed 24 assignments)
No solver specified; defaulting to bitwuzla
Solving claim 'function entry: c:debug_telemetry_sma_harness.cpp@aN@F@f_totality# at file /Users/user/NVIDIA-OpenSMA/verification/harnesses/debug_telemetry_sma_harness.cpp line 43 column 5 function f_totality' with solver Bitwuzla 0.8.2
Encoding remaining VCC(s) using bit-vector/floating-point arithmetic
Encoding to solver time: 0.000s
Solving with solver Bitwuzla 0.8.2
Runtime decision procedure: 0.001s
✗ FAILED: 'function entry: c:debug_telemetry_sma_harness.cpp@aN@F@f_totality# at file /Users/user/NVIDIA-OpenSMA/verification/harnesses/debug_telemetry_sma_harness.cpp line 43 column 5 function f_totality'

[Counterexample]


State 1 file /Users/user/NVIDIA-OpenSMA/verification/harnesses/debug_telemetry_sma_harness.cpp line 43 column 5 function f_totality thread 0
----------------------------------------------------
Violated property:
  file /Users/user/NVIDIA-OpenSMA/verification/harnesses/debug_telemetry_sma_harness.cpp line 43 column 5 function f_totality
  function entry: c:debug_telemetry_sma_harness.cpp@aN@F@f_totality#
  0

Slicing time: 0.000s (removed 24 assignments)
No solver specified; defaulting to bitwuzla
Encoding remaining VCC(s) using bit-vector/floating-point arithmetic
Encoding to solver time: 0.000s
Solving with solver Bitwuzla 0.8.2
Runtime decision procedure: 0.000s
Slicing time: 0.000s (removed 24 assignments)
No solver specified; defaulting to bitwuzla
Encoding remaining VCC(s) using bit-vector/floating-point arithmetic
Encoding to solver time: 0.000s
Solving with solver Bitwuzla 0.8.2
Runtime decision procedure: 0.000s
Slicing time: 0.000s (removed 24 assignments)
No solver specified; defaulting to bitwuzla
Encoding remaining VCC(s) using bit-vector/floating-point arithmetic
Encoding to solver time: 0.000s
Solving with solver Bitwuzla 0.8.2
Runtime decision procedure: 0.000s
Slicing time: 0.001s (removed 24 assignments)
No solver specified; defaulting to bitwuzla
Solving claim 'function entry: c:@F@main# at file /Users/user/NVIDIA-OpenSMA/verification/harnesses/debug_telemetry_sma_harness.cpp line 103 column 5 function main' with solver Bitwuzla 0.8.2
Encoding remaining VCC(s) using bit-vector/floating-point arithmetic
Encoding to solver time: 0.000s
Solving with solver Bitwuzla 0.8.2
Runtime decision procedure: 0.000s
✗ FAILED: 'function entry: c:@F@main# at file /Users/user/NVIDIA-OpenSMA/verification/harnesses/debug_telemetry_sma_harness.cpp line 103 column 5 function main'

[Counterexample]


State 1 file /Users/user/NVIDIA-OpenSMA/verification/harnesses/debug_telemetry_sma_harness.cpp line 103 column 5 function main thread 0
----------------------------------------------------
Violated property:
  file /Users/user/NVIDIA-OpenSMA/verification/harnesses/debug_telemetry_sma_harness.cpp line 103 column 5 function main
  function entry: c:@F@main#
  0

Slicing time: 0.001s (removed 24 assignments)
No solver specified; defaulting to bitwuzla
Encoding remaining VCC(s) using bit-vector/floating-point arithmetic
Encoding to solver time: 0.000s
Solving with solver Bitwuzla 0.8.2
Runtime decision procedure: 0.000s
Slicing time: 0.001s (removed 24 assignments)
No solver specified; defaulting to bitwuzla
Encoding remaining VCC(s) using bit-vector/floating-point arithmetic
Encoding to solver time: 0.000s
Solving with solver Bitwuzla 0.8.2
Runtime decision procedure: 0.000s
Slicing time: 0.000s (removed 24 assignments)
No solver specified; defaulting to bitwuzla
Encoding remaining VCC(s) using bit-vector/floating-point arithmetic
Encoding to solver time: 0.000s
Solving with solver Bitwuzla 0.8.2
Runtime decision procedure: 0.000s
Slicing time: 0.000s (removed 24 assignments)
No solver specified; defaulting to bitwuzla
Encoding remaining VCC(s) using bit-vector/floating-point arithmetic
Encoding to solver time: 0.000s
Solving with solver Bitwuzla 0.8.2
Runtime decision procedure: 0.000s
Slicing time: 0.000s (removed 24 assignments)
No solver specified; defaulting to bitwuzla
Encoding remaining VCC(s) using bit-vector/floating-point arithmetic
Encoding to solver time: 0.000s
Solving with solver Bitwuzla 0.8.2
Runtime decision procedure: 0.000s
Slicing time: 0.000s (removed 24 assignments)
No solver specified; defaulting to bitwuzla
Encoding remaining VCC(s) using bit-vector/floating-point arithmetic
Encoding to solver time: 0.001s
Solving with solver Bitwuzla 0.8.2
Runtime decision procedure: 0.000s
Slicing time: 0.000s (removed 24 assignments)
No solver specified; defaulting to bitwuzla
Encoding remaining VCC(s) using bit-vector/floating-point arithmetic
Encoding to solver time: 0.001s
Solving with solver Bitwuzla 0.8.2
Runtime decision procedure: 0.000s
Slicing time: 0.000s (removed 24 assignments)
No solver specified; defaulting to bitwuzla
Encoding remaining VCC(s) using bit-vector/floating-point arithmetic
Encoding to solver time: 0.001s
Solving with solver Bitwuzla 0.8.2
Runtime decision procedure: 0.000s
Slicing time: 0.000s (removed 24 assignments)
No solver specified; defaulting to bitwuzla
Encoding remaining VCC(s) using bit-vector/floating-point arithmetic
Encoding to solver time: 0.001s
Solving with solver Bitwuzla 0.8.2
Runtime decision procedure: 0.000s
Slicing time: 0.000s (removed 24 assignments)
No solver specified; defaulting to bitwuzla
Encoding remaining VCC(s) using bit-vector/floating-point arithmetic
Encoding to solver time: 0.000s
Solving with solver Bitwuzla 0.8.2
Runtime decision procedure: 0.001s
Slicing time: 0.000s (removed 24 assignments)
No solver specified; defaulting to bitwuzla
Encoding remaining VCC(s) using bit-vector/floating-point arithmetic
Encoding to solver time: 0.000s
Solving with solver Bitwuzla 0.8.2
Runtime decision procedure: 0.001s
Slicing time: 0.000s (removed 24 assignments)
No solver specified; defaulting to bitwuzla
Encoding remaining VCC(s) using bit-vector/floating-point arithmetic
Encoding to solver time: 0.000s
Solving with solver Bitwuzla 0.8.2
Runtime decision procedure: 0.000s
Slicing time: 0.000s (removed 24 assignments)
No solver specified; defaulting to bitwuzla
Encoding remaining VCC(s) using bit-vector/floating-point arithmetic
Encoding to solver time: 0.000s
Solving with solver Bitwuzla 0.8.2
Runtime decision procedure: 0.000s
Slicing time: 0.000s (removed 24 assignments)
No solver specified; defaulting to bitwuzla
Encoding remaining VCC(s) using bit-vector/floating-point arithmetic
Encoding to solver time: 0.000s
Solving with solver Bitwuzla 0.8.2
Runtime decision procedure: 0.000s
Slicing time: 0.000s (removed 24 assignments)
No solver specified; defaulting to bitwuzla
Encoding remaining VCC(s) using bit-vector/floating-point arithmetic
Encoding to solver time: 0.000s
Solving with solver Bitwuzla 0.8.2
Runtime decision procedure: 0.000s
Slicing time: 0.000s (removed 24 assignments)
No solver specified; defaulting to bitwuzla
Encoding remaining VCC(s) using bit-vector/floating-point arithmetic
Encoding to solver time: 0.000s
Solving with solver Bitwuzla 0.8.2
Runtime decision procedure: 0.000s
Slicing time: 0.000s (removed 24 assignments)
No solver specified; defaulting to bitwuzla
Encoding remaining VCC(s) using bit-vector/floating-point arithmetic
Encoding to solver time: 0.000s
Solving with solver Bitwuzla 0.8.2
Runtime decision procedure: 0.000s
Slicing time: 0.000s (removed 24 assignments)
No solver specified; defaulting to bitwuzla
Encoding remaining VCC(s) using bit-vector/floating-point arithmetic
Encoding to solver time: 0.000s
Solving with solver Bitwuzla 0.8.2
Runtime decision procedure: 0.000s
Slicing time: 0.001s (removed 24 assignments)
No solver specified; defaulting to bitwuzla
Encoding remaining VCC(s) using bit-vector/floating-point arithmetic
Encoding to solver time: 0.000s
Solving with solver Bitwuzla 0.8.2
Runtime decision procedure: 0.000s
Slicing time: 0.001s (removed 24 assignments)
No solver specified; defaulting to bitwuzla
Encoding remaining VCC(s) using bit-vector/floating-point arithmetic
Encoding to solver time: 0.000s
Solving with solver Bitwuzla 0.8.2
Runtime decision procedure: 0.000s
Slicing time: 0.000s (removed 24 assignments)
No solver specified; defaulting to bitwuzla
Encoding remaining VCC(s) using bit-vector/floating-point arithmetic
Encoding to solver time: 0.000s
Solving with solver Bitwuzla 0.8.2
Runtime decision procedure: 0.000s
Slicing time: 0.000s (removed 24 assignments)
No solver specified; defaulting to bitwuzla
Encoding remaining VCC(s) using bit-vector/floating-point arithmetic
Encoding to solver time: 0.000s
Solving with solver Bitwuzla 0.8.2
Runtime decision procedure: 0.000s
Slicing time: 0.000s (removed 24 assignments)
No solver specified; defaulting to bitwuzla
Encoding remaining VCC(s) using bit-vector/floating-point arithmetic
Encoding to solver time: 0.000s
Solving with solver Bitwuzla 0.8.2
Runtime decision procedure: 0.000s
Slicing time: 0.000s (removed 24 assignments)
No solver specified; defaulting to bitwuzla
Encoding remaining VCC(s) using bit-vector/floating-point arithmetic
Encoding to solver time: 0.000s
Solving with solver Bitwuzla 0.8.2
Runtime decision procedure: 0.000s
Slicing time: 0.000s (removed 24 assignments)
No solver specified; defaulting to bitwuzla
Encoding remaining VCC(s) using bit-vector/floating-point arithmetic
Encoding to solver time: 0.000s
Solving with solver Bitwuzla 0.8.2
Runtime decision procedure: 0.000s
Slicing time: 0.000s (removed 24 assignments)
No solver specified; defaulting to bitwuzla
Encoding remaining VCC(s) using bit-vector/floating-point arithmetic
Encoding to solver time: 0.000s
Solving with solver Bitwuzla 0.8.2
Runtime decision procedure: 0.000s
Slicing time: 0.000s (removed 24 assignments)
No solver specified; defaulting to bitwuzla
Encoding remaining VCC(s) using bit-vector/floating-point arithmetic
Encoding to solver time: 0.001s
Solving with solver Bitwuzla 0.8.2
Runtime decision procedure: 0.000s
Slicing time: 0.000s (removed 24 assignments)
No solver specified; defaulting to bitwuzla
Encoding remaining VCC(s) using bit-vector/floating-point arithmetic
Encoding to solver time: 0.001s
Solving with solver Bitwuzla 0.8.2
Runtime decision procedure: 0.000s
Slicing time: 0.000s (removed 24 assignments)
No solver specified; defaulting to bitwuzla
Encoding remaining VCC(s) using bit-vector/floating-point arithmetic
Encoding to solver time: 0.001s
Solving with solver Bitwuzla 0.8.2
Runtime decision procedure: 0.000s
Slicing time: 0.000s (removed 24 assignments)
No solver specified; defaulting to bitwuzla
Encoding remaining VCC(s) using bit-vector/floating-point arithmetic
Encoding to solver time: 0.001s
Solving with solver Bitwuzla 0.8.2
Runtime decision procedure: 0.000s
Slicing time: 0.000s (removed 24 assignments)
No solver specified; defaulting to bitwuzla
Encoding remaining VCC(s) using bit-vector/floating-point arithmetic
Encoding to solver time: 0.001s
Solving with solver Bitwuzla 0.8.2
Runtime decision procedure: 0.000s
Slicing time: 0.000s (removed 24 assignments)
No solver specified; defaulting to bitwuzla
Encoding remaining VCC(s) using bit-vector/floating-point arithmetic
Encoding to solver time: 0.000s
Solving with solver Bitwuzla 0.8.2
Runtime decision procedure: 0.001s
Slicing time: 0.000s (removed 24 assignments)
No solver specified; defaulting to bitwuzla
Encoding remaining VCC(s) using bit-vector/floating-point arithmetic
Encoding to solver time: 0.000s
Solving with solver Bitwuzla 0.8.2
Runtime decision procedure: 0.001s
Slicing time: 0.000s (removed 24 assignments)
No solver specified; defaulting to bitwuzla
Encoding remaining VCC(s) using bit-vector/floating-point arithmetic
Encoding to solver time: 0.000s
Solving with solver Bitwuzla 0.8.2
Runtime decision procedure: 0.000s
Slicing time: 0.000s (removed 24 assignments)
No solver specified; defaulting to bitwuzla
Encoding remaining VCC(s) using bit-vector/floating-point arithmetic
Encoding to solver time: 0.000s
Solving with solver Bitwuzla 0.8.2
Runtime decision procedure: 0.000s
Slicing time: 0.000s (removed 24 assignments)
No solver specified; defaulting to bitwuzla
Encoding remaining VCC(s) using bit-vector/floating-point arithmetic
Encoding to solver time: 0.000s
Solving with solver Bitwuzla 0.8.2
Runtime decision procedure: 0.000s
Slicing time: 0.000s (removed 24 assignments)
No solver specified; defaulting to bitwuzla
Encoding remaining VCC(s) using bit-vector/floating-point arithmetic
Encoding to solver time: 0.000s
Solving with solver Bitwuzla 0.8.2
Runtime decision procedure: 0.000s
Slicing time: 0.000s (removed 24 assignments)
No solver specified; defaulting to bitwuzla
Encoding remaining VCC(s) using bit-vector/floating-point arithmetic
Encoding to solver time: 0.000s
Solving with solver Bitwuzla 0.8.2
Runtime decision procedure: 0.000s
Slicing time: 0.001s (removed 24 assignments)
No solver specified; defaulting to bitwuzla
Encoding remaining VCC(s) using bit-vector/floating-point arithmetic
Encoding to solver time: 0.000s
Solving with solver Bitwuzla 0.8.2
Runtime decision procedure: 0.000s
Slicing time: 0.001s (removed 24 assignments)
No solver specified; defaulting to bitwuzla
Encoding remaining VCC(s) using bit-vector/floating-point arithmetic
Encoding to solver time: 0.000s
Solving with solver Bitwuzla 0.8.2
Runtime decision procedure: 0.000s
Slicing time: 0.000s (removed 24 assignments)
No solver specified; defaulting to bitwuzla
Encoding remaining VCC(s) using bit-vector/floating-point arithmetic
Encoding to solver time: 0.000s
Solving with solver Bitwuzla 0.8.2
Runtime decision procedure: 0.000s
Slicing time: 0.000s (removed 24 assignments)
No solver specified; defaulting to bitwuzla
Encoding remaining VCC(s) using bit-vector/floating-point arithmetic
Encoding to solver time: 0.000s
Solving with solver Bitwuzla 0.8.2
Runtime decision procedure: 0.000s
Slicing time: 0.000s (removed 24 assignments)
No solver specified; defaulting to bitwuzla
Encoding remaining VCC(s) using bit-vector/floating-point arithmetic
Encoding to solver time: 0.000s
Solving with solver Bitwuzla 0.8.2
Runtime decision procedure: 0.000s
Slicing time: 0.000s (removed 24 assignments)
No solver specified; defaulting to bitwuzla
Encoding remaining VCC(s) using bit-vector/floating-point arithmetic
Encoding to solver time: 0.000s
Solving with solver Bitwuzla 0.8.2
Runtime decision procedure: 0.000s
Slicing time: 0.000s (removed 24 assignments)
No solver specified; defaulting to bitwuzla
Encoding remaining VCC(s) using bit-vector/floating-point arithmetic
Encoding to solver time: 0.000s
Solving with solver Bitwuzla 0.8.2
Runtime decision procedure: 0.000s
Slicing time: 0.000s (removed 24 assignments)
No solver specified; defaulting to bitwuzla
Encoding remaining VCC(s) using bit-vector/floating-point arithmetic
Encoding to solver time: 0.000s
Solving with solver Bitwuzla 0.8.2
Runtime decision procedure: 0.000s
Slicing time: 0.000s (removed 24 assignments)
No solver specified; defaulting to bitwuzla
Encoding remaining VCC(s) using bit-vector/floating-point arithmetic
Encoding to solver time: 0.001s
Solving with solver Bitwuzla 0.8.2
Runtime decision procedure: 0.000s
Slicing time: 0.000s (removed 24 assignments)
No solver specified; defaulting to bitwuzla
Encoding remaining VCC(s) using bit-vector/floating-point arithmetic
Encoding to solver time: 0.001s
Solving with solver Bitwuzla 0.8.2
Runtime decision procedure: 0.000s
Slicing time: 0.000s (removed 24 assignments)
No solver specified; defaulting to bitwuzla
Encoding remaining VCC(s) using bit-vector/floating-point arithmetic
Encoding to solver time: 0.001s
Solving with solver Bitwuzla 0.8.2
Runtime decision procedure: 0.000s
Slicing time: 0.000s (removed 24 assignments)
No solver specified; defaulting to bitwuzla
Encoding remaining VCC(s) using bit-vector/floating-point arithmetic
Encoding to solver time: 0.001s
Solving with solver Bitwuzla 0.8.2
Runtime decision procedure: 0.000s
Slicing time: 0.000s (removed 24 assignments)
No solver specified; defaulting to bitwuzla
Encoding remaining VCC(s) using bit-vector/floating-point arithmetic
Encoding to solver time: 0.000s
Solving with solver Bitwuzla 0.8.2
Runtime decision procedure: 0.001s
Slicing time: 0.000s (removed 24 assignments)
No solver specified; defaulting to bitwuzla
Encoding remaining VCC(s) using bit-vector/floating-point arithmetic
Encoding to solver time: 0.000s
Solving with solver Bitwuzla 0.8.2
Runtime decision procedure: 0.001s
Slicing time: 0.000s (removed 24 assignments)
No solver specified; defaulting to bitwuzla
Encoding remaining VCC(s) using bit-vector/floating-point arithmetic
Encoding to solver time: 0.000s
Solving with solver Bitwuzla 0.8.2
Runtime decision procedure: 0.001s
Slicing time: 0.000s (removed 24 assignments)
No solver specified; defaulting to bitwuzla
Encoding remaining VCC(s) using bit-vector/floating-point arithmetic
Encoding to solver time: 0.000s
Solving with solver Bitwuzla 0.8.2
Runtime decision procedure: 0.000s
Slicing time: 0.000s (removed 24 assignments)
No solver specified; defaulting to bitwuzla
Encoding remaining VCC(s) using bit-vector/floating-point arithmetic
Encoding to solver time: 0.000s
Solving with solver Bitwuzla 0.8.2
Runtime decision procedure: 0.000s
Slicing time: 0.000s (removed 24 assignments)
No solver specified; defaulting to bitwuzla
Encoding remaining VCC(s) using bit-vector/floating-point arithmetic
Encoding to solver time: 0.000s
Solving with solver Bitwuzla 0.8.2
Runtime decision procedure: 0.000s
Slicing time: 0.001s (removed 24 assignments)
No solver specified; defaulting to bitwuzla
Encoding remaining VCC(s) using bit-vector/floating-point arithmetic
Encoding to solver time: 0.000s
Solving with solver Bitwuzla 0.8.2
Runtime decision procedure: 0.000s
Slicing time: 0.001s (removed 24 assignments)
No solver specified; defaulting to bitwuzla
Encoding remaining VCC(s) using bit-vector/floating-point arithmetic
Encoding to solver time: 0.000s
Solving with solver Bitwuzla 0.8.2
Runtime decision procedure: 0.000s
Slicing time: 0.001s (removed 24 assignments)
No solver specified; defaulting to bitwuzla
Encoding remaining VCC(s) using bit-vector/floating-point arithmetic
Encoding to solver time: 0.000s
Solving with solver Bitwuzla 0.8.2
Runtime decision procedure: 0.000s
Slicing time: 0.000s (removed 24 assignments)
No solver specified; defaulting to bitwuzla
Encoding remaining VCC(s) using bit-vector/floating-point arithmetic
Encoding to solver time: 0.000s
Solving with solver Bitwuzla 0.8.2
Runtime decision procedure: 0.000s
Slicing time: 0.000s (removed 24 assignments)
No solver specified; defaulting to bitwuzla
Encoding remaining VCC(s) using bit-vector/floating-point arithmetic
Encoding to solver time: 0.000s
Solving with solver Bitwuzla 0.8.2
Runtime decision procedure: 0.000s
Slicing time: 0.000s (removed 24 assignments)
No solver specified; defaulting to bitwuzla
Encoding remaining VCC(s) using bit-vector/floating-point arithmetic
Encoding to solver time: 0.000s
Solving with solver Bitwuzla 0.8.2
Runtime decision procedure: 0.000s
Slicing time: 0.000s (removed 24 assignments)
No solver specified; defaulting to bitwuzla
Encoding remaining VCC(s) using bit-vector/floating-point arithmetic
Encoding to solver time: 0.001s
Solving with solver Bitwuzla 0.8.2
Runtime decision procedure: 0.000s
Slicing time: 0.000s (removed 24 assignments)
No solver specified; defaulting to bitwuzla
Encoding remaining VCC(s) using bit-vector/floating-point arithmetic
Encoding to solver time: 0.001s
Solving with solver Bitwuzla 0.8.2
Runtime decision procedure: 0.000s
Properties: 88 verified ✓ 84 passed, ✗ 4 failed
Solver: Bitwuzla 0.8.2 • Decision procedure total time: 0.077s • Avg: 0.000s/property

[Coverage]

Function Entry Points & Branches : 4
Reached : 4
Branch Coverage: 100%
Coverage report written to cov-report.json

VERIFICATION FAILED
ESBMC version 8.2.0 64-bit aarch64 macos
