Target: 64-bit little-endian aarch64-unknown-macos with esbmclibc
Parsing /Users/user/NVIDIA-OpenSMA/verification/harnesses/mctp_router_harness.cpp
Parsing /Users/user/NVIDIA-OpenSMA/corepdk/modules/mctp-cpp/src/platforms/x86/pdk-mctp-platforms-router-plat.cpp
Parsing /Users/user/NVIDIA-OpenSMA/corepdk/modules/mctp-cpp/src/platforms/x86/pdk-mctp-platforms-packet-plat.cpp
Converting
Generating GOTO Program
GOTO program creation time: 1.052s
Adding k-path coverage assertions (n=4)...
GOTO program processing time: 0.007s
Starting Bounded Model Checking
WARNING: no body for function here#
Symex completed in: 0.016s (180 assignments)
Caching time: 0.001s (removed 1 assertions)
Slicing time: 0.000s (removed 160 assignments)
Generated 11 VCC(s), 10 remaining after simplification (19 assignments)
No solver specified; defaulting to bitwuzla
Slicing time: 0.000s (removed 3 assignments)
No solver specified; defaulting to bitwuzla
Encoding remaining VCC(s) using bit-vector/floating-point arithmetic
Encoding to solver time: 0.000s
Solving with solver Bitwuzla 0.8.2
Runtime decision procedure: 0.001s
Slicing time: 0.000s (removed 0 assignments)
No solver specified; defaulting to bitwuzla
Solving claim '(signed int)interface::1 >= 2 at file /Users/user/NVIDIA-OpenSMA/corepdk/modules/mctp-cpp/src/platforms/x86/pdk-mctp-platforms-router-plat.cpp line 26 column 5 function get_cur_eid' with solver Bitwuzla 0.8.2
Encoding remaining VCC(s) using bit-vector/floating-point arithmetic
Encoding to solver time: 0.000s
Solving with solver Bitwuzla 0.8.2
Runtime decision procedure: 0.002s
✗ FAILED: '(signed int)interface::1 >= 2 at file /Users/user/NVIDIA-OpenSMA/corepdk/modules/mctp-cpp/src/platforms/x86/pdk-mctp-platforms-router-plat.cpp line 26 column 5 function get_cur_eid'

[Counterexample]


State 1 file /Users/user/NVIDIA-OpenSMA/verification/harnesses/mctp_router_harness.cpp line 41 column 5 function check_get_with_any_interface thread 0
----------------------------------------------------
  iface = 254 (11111110)

State 2 file /Users/user/NVIDIA-OpenSMA/corepdk/modules/mctp-cpp/src/platforms/x86/pdk-mctp-platforms-router-plat.cpp line 26 column 5 function get_cur_eid thread 0
----------------------------------------------------
Violated property:
  file /Users/user/NVIDIA-OpenSMA/corepdk/modules/mctp-cpp/src/platforms/x86/pdk-mctp-platforms-router-plat.cpp line 26 column 5 function get_cur_eid
  (signed int)interface::1 >= 2
  (signed int)interface::1 < 2

Slicing time: 0.000s (removed 0 assignments)
No solver specified; defaulting to bitwuzla
Solving claim '(signed int)interface::1 < 2 at file /Users/user/NVIDIA-OpenSMA/corepdk/modules/mctp-cpp/src/platforms/x86/pdk-mctp-platforms-router-plat.cpp line 26 column 5 function get_cur_eid' with solver Bitwuzla 0.8.2
Encoding remaining VCC(s) using bit-vector/floating-point arithmetic
Encoding to solver time: 0.000s
Solving with solver Bitwuzla 0.8.2
Runtime decision procedure: 0.001s
✗ FAILED: '(signed int)interface::1 < 2 at file /Users/user/NVIDIA-OpenSMA/corepdk/modules/mctp-cpp/src/platforms/x86/pdk-mctp-platforms-router-plat.cpp line 26 column 5 function get_cur_eid'

[Counterexample]


State 1 file /Users/user/NVIDIA-OpenSMA/verification/harnesses/mctp_router_harness.cpp line 41 column 5 function check_get_with_any_interface thread 0
----------------------------------------------------
  iface = 0 (00000000)

State 2 file /Users/user/NVIDIA-OpenSMA/corepdk/modules/mctp-cpp/src/platforms/x86/pdk-mctp-platforms-router-plat.cpp line 26 column 5 function get_cur_eid thread 0
----------------------------------------------------
Violated property:
  file /Users/user/NVIDIA-OpenSMA/corepdk/modules/mctp-cpp/src/platforms/x86/pdk-mctp-platforms-router-plat.cpp line 26 column 5 function get_cur_eid
  (signed int)interface::1 < 2
  (signed int)interface::1 >= 2

Slicing time: 0.000s (removed 3 assignments)
No solver specified; defaulting to bitwuzla
Encoding remaining VCC(s) using bit-vector/floating-point arithmetic
Encoding to solver time: 0.000s
Solving with solver Bitwuzla 0.8.2
Runtime decision procedure: 0.000s
Slicing time: 0.000s (removed 3 assignments)
No solver specified; defaulting to bitwuzla
Encoding remaining VCC(s) using bit-vector/floating-point arithmetic
Encoding to solver time: 0.000s
Solving with solver Bitwuzla 0.8.2
Runtime decision procedure: 0.000s
Slicing time: 0.000s (removed 3 assignments)
No solver specified; defaulting to bitwuzla
Encoding remaining VCC(s) using bit-vector/floating-point arithmetic
Encoding to solver time: 0.000s
Solving with solver Bitwuzla 0.8.2
Runtime decision procedure: 0.000s
Slicing time: 0.000s (removed 3 assignments)
No solver specified; defaulting to bitwuzla
Encoding remaining VCC(s) using bit-vector/floating-point arithmetic
Encoding to solver time: 0.000s
Solving with solver Bitwuzla 0.8.2
Runtime decision procedure: 0.000s
Slicing time: 0.000s (removed 3 assignments)
No solver specified; defaulting to bitwuzla
Encoding remaining VCC(s) using bit-vector/floating-point arithmetic
Encoding to solver time: 0.000s
Solving with solver Bitwuzla 0.8.2
Runtime decision procedure: 0.000s
Slicing time: 0.000s (removed 3 assignments)
No solver specified; defaulting to bitwuzla
Encoding remaining VCC(s) using bit-vector/floating-point arithmetic
Encoding to solver time: 0.000s
Solving with solver Bitwuzla 0.8.2
Runtime decision procedure: 0.001s
Slicing time: 0.000s (removed 3 assignments)
No solver specified; defaulting to bitwuzla
Encoding remaining VCC(s) using bit-vector/floating-point arithmetic
Encoding to solver time: 0.000s
Solving with solver Bitwuzla 0.8.2
Runtime decision procedure: 0.000s
Slicing time: 0.000s (removed 3 assignments)
No solver specified; defaulting to bitwuzla
Encoding remaining VCC(s) using bit-vector/floating-point arithmetic
Encoding to solver time: 0.001s
Solving with solver Bitwuzla 0.8.2
Runtime decision procedure: 0.000s
Properties: 11 verified ✓ 9 passed, ✗ 2 failed
Solver: Bitwuzla 0.8.2 • Decision procedure total time: 0.006s • Avg: 0.000s/property

[Coverage]

k-Path Witnesses : 2
Reached : 2
k-Path Coverage: 100%
Coverage report written to cov-report.json

VERIFICATION FAILED
ESBMC version 8.2.0 64-bit aarch64 macos
