Target: 64-bit little-endian aarch64-unknown-macos with esbmclibc
Parsing /Users/user/NVIDIA-OpenSMA/verification/harnesses/soc_sma_filter_harness.cpp
Converting
Generating GOTO Program
GOTO program creation time: 1.346s
Interval Analysis time: 0.020s
Adding false assertions...
GOTO program processing time: 0.030s
Checking base case, k = 1
Starting Bounded Model Checking
✓ PASSED: 'undefined behavior on shift operation ashr' at file /Users/user/NVIDIA-OpenSMA/src/nv/soc_pwr_smoothing/soc_sma_filter_ch.h line 53 column 9 function evaluate
✓ PASSED: 'undefined behavior on shift operation ashr' at file /Users/user/NVIDIA-OpenSMA/src/nv/soc_pwr_smoothing/soc_sma_filter_ch.h line 53 column 9 function evaluate
✓ PASSED: 'undefined behavior on shift operation ashr' at file /Users/user/NVIDIA-OpenSMA/src/nv/soc_pwr_smoothing/soc_sma_filter_ch.h line 53 column 9 function evaluate
✓ PASSED: 'undefined behavior on shift operation ashr' at file /Users/user/NVIDIA-OpenSMA/src/nv/soc_pwr_smoothing/soc_sma_filter_ch.h line 53 column 9 function evaluate
✓ PASSED: 'undefined behavior on shift operation ashr' at file /Users/user/NVIDIA-OpenSMA/src/nv/soc_pwr_smoothing/soc_sma_filter_ch.h line 53 column 9 function evaluate
✓ PASSED: 'undefined behavior on shift operation ashr' at file /Users/user/NVIDIA-OpenSMA/src/nv/soc_pwr_smoothing/soc_sma_filter_ch.h line 53 column 9 function evaluate
Symex completed in: 0.066s (621 assignments)
Slicing time: 0.003s (removed 522 assignments)
Generated 24 VCC(s), 18 remaining after simplification (99 assignments)
No solver specified; defaulting to bitwuzla
Slicing time: 0.001s (removed 7 assignments)
No solver specified; defaulting to bitwuzla
Encoding remaining VCC(s) using bit-vector/floating-point arithmetic
Encoding to solver time: 0.006s
Solving with solver Bitwuzla 0.8.2
Runtime decision procedure: 0.003s
Slicing time: 0.001s (removed 7 assignments)
No solver specified; defaulting to bitwuzla
Encoding remaining VCC(s) using bit-vector/floating-point arithmetic
Encoding to solver time: 0.004s
Solving with solver Bitwuzla 0.8.2
Runtime decision procedure: 0.003s
Slicing time: 0.001s (removed 7 assignments)
No solver specified; defaulting to bitwuzla
Solving claim 'function entry: c:soc_sma_filter_harness.cpp@aN@F@f_output_bounded# at file /Users/user/NVIDIA-OpenSMA/verification/harnesses/soc_sma_filter_harness.cpp line 85 column 5 function f_output_bounded' with solver Bitwuzla 0.8.2
Encoding remaining VCC(s) using bit-vector/floating-point arithmetic
Encoding to solver time: 0.004s
Solving with solver Bitwuzla 0.8.2
Runtime decision procedure: 0.003s
✗ FAILED: 'function entry: c:soc_sma_filter_harness.cpp@aN@F@f_output_bounded# at file /Users/user/NVIDIA-OpenSMA/verification/harnesses/soc_sma_filter_harness.cpp line 85 column 5 function f_output_bounded'

[Counterexample]


State 1 file /Users/user/NVIDIA-OpenSMA/verification/harnesses/soc_sma_filter_harness.cpp line 85 column 5 function f_output_bounded thread 0
----------------------------------------------------
Violated property:
  file /Users/user/NVIDIA-OpenSMA/verification/harnesses/soc_sma_filter_harness.cpp line 85 column 5 function f_output_bounded
  function entry: c:soc_sma_filter_harness.cpp@aN@F@f_output_bounded#
  0

Slicing time: 0.001s (removed 7 assignments)
No solver specified; defaulting to bitwuzla
Encoding remaining VCC(s) using bit-vector/floating-point arithmetic
Encoding to solver time: 0.003s
Solving with solver Bitwuzla 0.8.2
Runtime decision procedure: 0.003s
Slicing time: 0.001s (removed 7 assignments)
No solver specified; defaulting to bitwuzla
Encoding remaining VCC(s) using bit-vector/floating-point arithmetic
Encoding to solver time: 0.004s
Solving with solver Bitwuzla 0.8.2
Runtime decision procedure: 0.002s
Slicing time: 0.001s (removed 7 assignments)
No solver specified; defaulting to bitwuzla
Encoding remaining VCC(s) using bit-vector/floating-point arithmetic
Encoding to solver time: 0.004s
Solving with solver Bitwuzla 0.8.2
Runtime decision procedure: 0.003s
Slicing time: 0.001s (removed 7 assignments)
No solver specified; defaulting to bitwuzla
Encoding remaining VCC(s) using bit-vector/floating-point arithmetic
Encoding to solver time: 0.004s
Solving with solver Bitwuzla 0.8.2
Runtime decision procedure: 0.003s
Slicing time: 0.001s (removed 7 assignments)
No solver specified; defaulting to bitwuzla
Encoding remaining VCC(s) using bit-vector/floating-point arithmetic
Encoding to solver time: 0.003s
Solving with solver Bitwuzla 0.8.2
Runtime decision procedure: 0.003s
Slicing time: 0.001s (removed 7 assignments)
No solver specified; defaulting to bitwuzla
Encoding remaining VCC(s) using bit-vector/floating-point arithmetic
Encoding to solver time: 0.004s
Solving with solver Bitwuzla 0.8.2
Runtime decision procedure: 0.003s
Slicing time: 0.001s (removed 7 assignments)
No solver specified; defaulting to bitwuzla
Encoding remaining VCC(s) using bit-vector/floating-point arithmetic
Encoding to solver time: 0.004s
Solving with solver Bitwuzla 0.8.2
Runtime decision procedure: 0.002s
Slicing time: 0.001s (removed 7 assignments)
No solver specified; defaulting to bitwuzla
Encoding remaining VCC(s) using bit-vector/floating-point arithmetic
Encoding to solver time: 0.004s
Solving with solver Bitwuzla 0.8.2
Runtime decision procedure: 0.002s
Slicing time: 0.001s (removed 7 assignments)
No solver specified; defaulting to bitwuzla
Solving claim 'function entry: c:soc_sma_filter_harness.cpp@aN@F@f_steady_state# at file /Users/user/NVIDIA-OpenSMA/verification/harnesses/soc_sma_filter_harness.cpp line 60 column 5 function f_steady_state' with solver Bitwuzla 0.8.2
Encoding remaining VCC(s) using bit-vector/floating-point arithmetic
Encoding to solver time: 0.004s
Solving with solver Bitwuzla 0.8.2
Runtime decision procedure: 0.003s
✗ FAILED: 'function entry: c:soc_sma_filter_harness.cpp@aN@F@f_steady_state# at file /Users/user/NVIDIA-OpenSMA/verification/harnesses/soc_sma_filter_harness.cpp line 60 column 5 function f_steady_state'

[Counterexample]


State 1 file /Users/user/NVIDIA-OpenSMA/verification/harnesses/soc_sma_filter_harness.cpp line 60 column 5 function f_steady_state thread 0
----------------------------------------------------
Violated property:
  file /Users/user/NVIDIA-OpenSMA/verification/harnesses/soc_sma_filter_harness.cpp line 60 column 5 function f_steady_state
  function entry: c:soc_sma_filter_harness.cpp@aN@F@f_steady_state#
  0

Slicing time: 0.001s (removed 0 assignments)
No solver specified; defaulting to bitwuzla
Encoding remaining VCC(s) using bit-vector/floating-point arithmetic
Encoding to solver time: 0.004s
Solving with solver Bitwuzla 0.8.2
Runtime decision procedure: 0.004s
Slicing time: 0.001s (removed 0 assignments)
No solver specified; defaulting to bitwuzla
Encoding remaining VCC(s) using bit-vector/floating-point arithmetic
Encoding to solver time: 0.005s
Solving with solver Bitwuzla 0.8.2
Runtime decision procedure: 0.003s
Slicing time: 0.001s (removed 7 assignments)
No solver specified; defaulting to bitwuzla
Solving claim 'function entry: c:soc_sma_filter_harness.cpp@aN@F@f_totality# at file /Users/user/NVIDIA-OpenSMA/verification/harnesses/soc_sma_filter_harness.cpp line 39 column 5 function f_totality' with solver Bitwuzla 0.8.2
Encoding remaining VCC(s) using bit-vector/floating-point arithmetic
Encoding to solver time: 0.004s
Solving with solver Bitwuzla 0.8.2
Runtime decision procedure: 0.003s
✗ FAILED: 'function entry: c:soc_sma_filter_harness.cpp@aN@F@f_totality# at file /Users/user/NVIDIA-OpenSMA/verification/harnesses/soc_sma_filter_harness.cpp line 39 column 5 function f_totality'

[Counterexample]


State 1 file /Users/user/NVIDIA-OpenSMA/verification/harnesses/soc_sma_filter_harness.cpp line 39 column 5 function f_totality thread 0
----------------------------------------------------
Violated property:
  file /Users/user/NVIDIA-OpenSMA/verification/harnesses/soc_sma_filter_harness.cpp line 39 column 5 function f_totality
  function entry: c:soc_sma_filter_harness.cpp@aN@F@f_totality#
  0

Slicing time: 0.001s (removed 7 assignments)
No solver specified; defaulting to bitwuzla
Solving claim 'function entry: c:@F@main# at file /Users/user/NVIDIA-OpenSMA/verification/harnesses/soc_sma_filter_harness.cpp line 106 column 5 function main' with solver Bitwuzla 0.8.2
Encoding remaining VCC(s) using bit-vector/floating-point arithmetic
Encoding to solver time: 0.004s
Solving with solver Bitwuzla 0.8.2
Runtime decision procedure: 0.002s
✗ FAILED: 'function entry: c:@F@main# at file /Users/user/NVIDIA-OpenSMA/verification/harnesses/soc_sma_filter_harness.cpp line 106 column 5 function main'

[Counterexample]


State 1 file /Users/user/NVIDIA-OpenSMA/verification/harnesses/soc_sma_filter_harness.cpp line 106 column 5 function main thread 0
----------------------------------------------------
Violated property:
  file /Users/user/NVIDIA-OpenSMA/verification/harnesses/soc_sma_filter_harness.cpp line 106 column 5 function main
  function entry: c:@F@main#
  0

Slicing time: 0.001s (removed 7 assignments)
No solver specified; defaulting to bitwuzla
Encoding remaining VCC(s) using bit-vector/floating-point arithmetic
Encoding to solver time: 0.003s
Solving with solver Bitwuzla 0.8.2
Runtime decision procedure: 0.001s
Slicing time: 0.001s (removed 7 assignments)
No solver specified; defaulting to bitwuzla
Encoding remaining VCC(s) using bit-vector/floating-point arithmetic
Encoding to solver time: 0.004s
Solving with solver Bitwuzla 0.8.2
Runtime decision procedure: 0.000s
Properties: 24 verified ✓ 20 passed, ✗ 4 failed
Solver: Bitwuzla 0.8.2 • Decision procedure total time: 0.118s • Avg: 0.004s/property

VERIFICATION FAILED

Bug found (k = 1)
Checking base case, k = 2
Starting Bounded Model Checking
✓ PASSED: 'undefined behavior on shift operation ashr' at file /Users/user/NVIDIA-OpenSMA/src/nv/soc_pwr_smoothing/soc_sma_filter_ch.h line 53 column 9 function evaluate
✓ PASSED: 'undefined behavior on shift operation ashr' at file /Users/user/NVIDIA-OpenSMA/src/nv/soc_pwr_smoothing/soc_sma_filter_ch.h line 53 column 9 function evaluate
✓ PASSED: 'undefined behavior on shift operation ashr' at file /Users/user/NVIDIA-OpenSMA/src/nv/soc_pwr_smoothing/soc_sma_filter_ch.h line 53 column 9 function evaluate
✓ PASSED: 'undefined behavior on shift operation ashr' at file /Users/user/NVIDIA-OpenSMA/src/nv/soc_pwr_smoothing/soc_sma_filter_ch.h line 53 column 9 function evaluate
✓ PASSED: 'undefined behavior on shift operation ashr' at file /Users/user/NVIDIA-OpenSMA/src/nv/soc_pwr_smoothing/soc_sma_filter_ch.h line 53 column 9 function evaluate
✓ PASSED: 'undefined behavior on shift operation ashr' at file /Users/user/NVIDIA-OpenSMA/src/nv/soc_pwr_smoothing/soc_sma_filter_ch.h line 53 column 9 function evaluate
Symex completed in: 0.067s (617 assignments)
Slicing time: 0.002s (removed 522 assignments)
Generated 20 VCC(s), 14 remaining after simplification (95 assignments)
No solver specified; defaulting to bitwuzla
Slicing time: 0.001s (removed 7 assignments)
No solver specified; defaulting to bitwuzla
Encoding remaining VCC(s) using bit-vector/floating-point arithmetic
Encoding to solver time: 0.006s
Solving with solver Bitwuzla 0.8.2
Runtime decision procedure: 0.003s
Slicing time: 0.001s (removed 7 assignments)
No solver specified; defaulting to bitwuzla
Encoding remaining VCC(s) using bit-vector/floating-point arithmetic
Encoding to solver time: 0.003s
Solving with solver Bitwuzla 0.8.2
Runtime decision procedure: 0.003s
Slicing time: 0.001s (removed 7 assignments)
No solver specified; defaulting to bitwuzla
Encoding remaining VCC(s) using bit-vector/floating-point arithmetic
Encoding to solver time: 0.004s
Solving with solver Bitwuzla 0.8.2
Runtime decision procedure: 0.003s
Slicing time: 0.001s (removed 7 assignments)
No solver specified; defaulting to bitwuzla
Encoding remaining VCC(s) using bit-vector/floating-point arithmetic
Encoding to solver time: 0.003s
Solving with solver Bitwuzla 0.8.2
Runtime decision procedure: 0.003s
Slicing time: 0.001s (removed 7 assignments)
No solver specified; defaulting to bitwuzla
Encoding remaining VCC(s) using bit-vector/floating-point arithmetic
Encoding to solver time: 0.004s
Solving with solver Bitwuzla 0.8.2
Runtime decision procedure: 0.003s
Slicing time: 0.001s (removed 7 assignments)
No solver specified; defaulting to bitwuzla
Encoding remaining VCC(s) using bit-vector/floating-point arithmetic
Encoding to solver time: 0.003s
Solving with solver Bitwuzla 0.8.2
Runtime decision procedure: 0.003s
Slicing time: 0.000s (removed 7 assignments)
No solver specified; defaulting to bitwuzla
Encoding remaining VCC(s) using bit-vector/floating-point arithmetic
Encoding to solver time: 0.003s
Solving with solver Bitwuzla 0.8.2
Runtime decision procedure: 0.002s
Slicing time: 0.001s (removed 7 assignments)
No solver specified; defaulting to bitwuzla
Encoding remaining VCC(s) using bit-vector/floating-point arithmetic
Encoding to solver time: 0.004s
Solving with solver Bitwuzla 0.8.2
Runtime decision procedure: 0.002s
Slicing time: 0.001s (removed 7 assignments)
No solver specified; defaulting to bitwuzla
Encoding remaining VCC(s) using bit-vector/floating-point arithmetic
Encoding to solver time: 0.003s
Solving with solver Bitwuzla 0.8.2
Runtime decision procedure: 0.003s
Slicing time: 0.001s (removed 7 assignments)
No solver specified; defaulting to bitwuzla
Encoding remaining VCC(s) using bit-vector/floating-point arithmetic
Encoding to solver time: 0.004s
Solving with solver Bitwuzla 0.8.2
Runtime decision procedure: 0.002s
Slicing time: 0.001s (removed 0 assignments)
No solver specified; defaulting to bitwuzla
Encoding remaining VCC(s) using bit-vector/floating-point arithmetic
Encoding to solver time: 0.005s
Solving with solver Bitwuzla 0.8.2
Runtime decision procedure: 0.003s
Slicing time: 0.001s (removed 0 assignments)
No solver specified; defaulting to bitwuzla
Encoding remaining VCC(s) using bit-vector/floating-point arithmetic
Encoding to solver time: 0.004s
Solving with solver Bitwuzla 0.8.2
Runtime decision procedure: 0.003s
Slicing time: 0.001s (removed 7 assignments)
No solver specified; defaulting to bitwuzla
Encoding remaining VCC(s) using bit-vector/floating-point arithmetic
Encoding to solver time: 0.004s
Solving with solver Bitwuzla 0.8.2
Runtime decision procedure: 0.001s
Slicing time: 0.001s (removed 7 assignments)
No solver specified; defaulting to bitwuzla
Encoding remaining VCC(s) using bit-vector/floating-point arithmetic
Encoding to solver time: 0.004s
Solving with solver Bitwuzla 0.8.2
Runtime decision procedure: 0.000s
Properties: 20 verified ✓ 20 passed
Solver: Bitwuzla 0.8.2 • Decision procedure total time: 0.089s • Avg: 0.004s/property
BMC program time: 0.188s
Checking forward condition, k = 2
Starting Bounded Model Checking
✓ PASSED: 'undefined behavior on shift operation ashr' at file /Users/user/NVIDIA-OpenSMA/src/nv/soc_pwr_smoothing/soc_sma_filter_ch.h line 53 column 9 function evaluate
✓ PASSED: 'undefined behavior on shift operation ashr' at file /Users/user/NVIDIA-OpenSMA/src/nv/soc_pwr_smoothing/soc_sma_filter_ch.h line 53 column 9 function evaluate
✓ PASSED: 'undefined behavior on shift operation ashr' at file /Users/user/NVIDIA-OpenSMA/src/nv/soc_pwr_smoothing/soc_sma_filter_ch.h line 53 column 9 function evaluate
✓ PASSED: 'undefined behavior on shift operation ashr' at file /Users/user/NVIDIA-OpenSMA/src/nv/soc_pwr_smoothing/soc_sma_filter_ch.h line 53 column 9 function evaluate
✓ PASSED: 'undefined behavior on shift operation ashr' at file /Users/user/NVIDIA-OpenSMA/src/nv/soc_pwr_smoothing/soc_sma_filter_ch.h line 53 column 9 function evaluate
✓ PASSED: 'undefined behavior on shift operation ashr' at file /Users/user/NVIDIA-OpenSMA/src/nv/soc_pwr_smoothing/soc_sma_filter_ch.h line 53 column 9 function evaluate
Symex completed in: 0.069s (617 assignments)
Slicing time: 0.002s (removed 522 assignments)
Generated 20 VCC(s), 14 remaining after simplification (95 assignments)
No solver specified; defaulting to bitwuzla
Encoding remaining VCC(s) using bit-vector/floating-point arithmetic
Encoding to solver time: 0.007s
Solving with solver Bitwuzla 0.8.2
Runtime decision procedure: 0.005s
BMC program time: 0.084s

Solution found by the forward condition; all states are reachable (k = 2)

[Coverage]

Function Entry Points & Branches : 4
Reached : 4
Branch Coverage: 100%
Coverage report written to cov-report.json
ESBMC version 8.2.0 64-bit aarch64 macos
